<html>
<body>
<pre>
<h1>µVision Build Log</h1>
<h2>Project:</h2>
E:\HeilsCar\Start\HeilsCar.uvproj
Project File Date:  08/21/2016

<h2>Output:</h2>
Build target 'HeilsCar'
compiling _task.c...
..\Algorithm\_lcdio.h(28): warning:  #1-D: last line of file ends without a newline
..\Algorithm\_keep.h(8): warning:  #1-D: last line of file ends without a newline
..\Algorithm\_serial.h(23): warning:  #1295-D: Deprecated declaration SerialCreate - give arg types
..\Algorithm\_serial.h(25): warning:  #1-D: last line of file ends without a newline
..\Task\_task.c(172): warning:  #1-D: last line of file ends without a newline
compiling stm32f10x_it.c...
linking...
Program Size: Code=71880 RO-data=4436 RW-data=2388 ZI-data=5044  
FromELF: creating hex file...
"..\User\Objects\HeilsCar.axf" - 0 Errors, 5 Warning(s).
Load "..\\User\\Objects\\HeilsCar.axf" 
Set JLink Project File to "E:\HeilsCar\Start\JLinkSettings.ini"
* JLink Info: Device "STM32F103ZE" selected (512 KB flash, 64 KB RAM).
 
JLink info:
------------
DLL: V4.68a, compiled Apr 12 2013 13:26:50
Firmware: J-Link ARM-OB STM32 compiled Aug 22 2012 19:52:04
Hardware: V7.00
S/N : 20090928 
Feature(s) : RDI,FlashDL,FlashBP,JFlash,GDBFull 
 
* JLink Info: STM32F1xxx: Can not attach to CPU. Trying connect under reset.
Load "..\\User\\Objects\\HeilsCar.axf" 
Set JLink Project File to "E:\HeilsCar\Start\JLinkSettings.ini"
* JLink Info: Device "STM32F103ZE" selected (512 KB flash, 64 KB RAM).
 
JLink info:
------------
DLL: V4.68a, compiled Apr 12 2013 13:26:50
Firmware: J-Link ARM-OB STM32 compiled Aug 22 2012 19:52:04
Hardware: V7.00
S/N : 20090928 
Feature(s) : RDI,FlashDL,FlashBP,JFlash,GDBFull 
 
* JLink Info: STM32F1xxx: Can not attach to CPU. Trying connect under reset.
Load "..\\User\\Objects\\HeilsCar.axf" 
Set JLink Project File to "E:\HeilsCar\Start\JLinkSettings.ini"
* JLink Info: Device "STM32F103ZE" selected (512 KB flash, 64 KB RAM).
 
JLink info:
------------
DLL: V4.68a, compiled Apr 12 2013 13:26:50
Firmware: J-Link ARM-OB STM32 compiled Aug 22 2012 19:52:04
Hardware: V7.00
S/N : 20090928 
Feature(s) : RDI,FlashDL,FlashBP,JFlash,GDBFull 
 
* JLink Info: Found SWD-DP with ID 0x1BA01477
* JLink Info: Found SWD-DP with ID 0x1BA01477
* JLink Info: TPIU fitted.
* JLink Info: ETM fitted.
* JLink Info: FPUnit: 6 code (BP) slots and 2 literal slots
* JLink Info: Found Cortex-M3 r1p1, Little endian.
ROMTableAddr = 0xE00FF003
 
Target info:
------------
Device: STM32F103ZE
VTarget = 3.300V
State of Pins: 
TCK: 0, TDI: 0, TDO: 1, TMS: 0, TRES: 1, TRST: 1
Hardware-Breakpoints: 6
Software-Breakpoints: 8192
Watchpoints:          4
JTAG speed: 2000 kHz
 
Erase Done.
Programming Done.
Verify OK.
Application running ...
Build target 'HeilsCar'
compiling _task.c...
..\Algorithm\_lcdio.h(28): warning:  #1-D: last line of file ends without a newline
..\Algorithm\_keep.h(8): warning:  #1-D: last line of file ends without a newline
..\Algorithm\_serial.h(23): warning:  #1295-D: Deprecated declaration SerialCreate - give arg types
..\Algorithm\_serial.h(25): warning:  #1-D: last line of file ends without a newline
..\Task\_task.c(173): warning:  #1-D: last line of file ends without a newline
linking...
Program Size: Code=71880 RO-data=4436 RW-data=2388 ZI-data=5044  
FromELF: creating hex file...
"..\User\Objects\HeilsCar.axf" - 0 Errors, 5 Warning(s).
Load "..\\User\\Objects\\HeilsCar.axf" 
Set JLink Project File to "E:\HeilsCar\Start\JLinkSettings.ini"
* JLink Info: Device "STM32F103ZE" selected (512 KB flash, 64 KB RAM).
 
JLink info:
------------
DLL: V4.68a, compiled Apr 12 2013 13:26:50
Firmware: J-Link ARM-OB STM32 compiled Aug 22 2012 19:52:04
Hardware: V7.00
S/N : 20090928 
Feature(s) : RDI,FlashDL,FlashBP,JFlash,GDBFull 
 
* JLink Info: Found SWD-DP with ID 0x1BA01477
* JLink Info: Found SWD-DP with ID 0x1BA01477
* JLink Info: TPIU fitted.
* JLink Info: ETM fitted.
* JLink Info: FPUnit: 6 code (BP) slots and 2 literal slots
* JLink Info: Found Cortex-M3 r1p1, Little endian.
ROMTableAddr = 0xE00FF003
 
Target info:
------------
Device: STM32F103ZE
VTarget = 3.300V
State of Pins: 
TCK: 0, TDI: 0, TDO: 1, TMS: 0, TRES: 1, TRST: 1
Hardware-Breakpoints: 6
Software-Breakpoints: 8192
Watchpoints:          4
JTAG speed: 2000 kHz
 
Erase Done.
Programming Done.
Verify OK.
Application running ...
Build target 'HeilsCar'
compiling _task.c...
..\Algorithm\_lcdio.h(28): warning:  #1-D: last line of file ends without a newline
..\Algorithm\_keep.h(8): warning:  #1-D: last line of file ends without a newline
..\Algorithm\_serial.h(23): warning:  #1295-D: Deprecated declaration SerialCreate - give arg types
..\Algorithm\_serial.h(25): warning:  #1-D: last line of file ends without a newline
..\Task\_task.c(173): warning:  #1-D: last line of file ends without a newline
linking...
Program Size: Code=71620 RO-data=4432 RW-data=2388 ZI-data=5044  
FromELF: creating hex file...
"..\User\Objects\HeilsCar.axf" - 0 Errors, 5 Warning(s).
Load "..\\User\\Objects\\HeilsCar.axf" 
Set JLink Project File to "E:\HeilsCar\Start\JLinkSettings.ini"
* JLink Info: Device "STM32F103ZE" selected (512 KB flash, 64 KB RAM).
 
JLink info:
------------
DLL: V4.68a, compiled Apr 12 2013 13:26:50
Firmware: J-Link ARM-OB STM32 compiled Aug 22 2012 19:52:04
Hardware: V7.00
S/N : 20090928 
Feature(s) : RDI,FlashDL,FlashBP,JFlash,GDBFull 
 
* JLink Info: Found SWD-DP with ID 0x1BA01477
* JLink Info: Found SWD-DP with ID 0x1BA01477
* JLink Info: TPIU fitted.
* JLink Info: ETM fitted.
* JLink Info: FPUnit: 6 code (BP) slots and 2 literal slots
* JLink Info: Found Cortex-M3 r1p1, Little endian.
ROMTableAddr = 0xE00FF003
 
Target info:
------------
Device: STM32F103ZE
VTarget = 3.300V
State of Pins: 
TCK: 0, TDI: 0, TDO: 1, TMS: 0, TRES: 1, TRST: 1
Hardware-Breakpoints: 6
Software-Breakpoints: 8192
Watchpoints:          4
JTAG speed: 2000 kHz
 
Erase Done.
Programming Done.
Verify OK.
Application running ...
Build target 'HeilsCar'
compiling _task.c...
..\Algorithm\_lcdio.h(28): warning:  #1-D: last line of file ends without a newline
..\Algorithm\_keep.h(8): warning:  #1-D: last line of file ends without a newline
..\Algorithm\_serial.h(23): warning:  #1295-D: Deprecated declaration SerialCreate - give arg types
..\Algorithm\_serial.h(25): warning:  #1-D: last line of file ends without a newline
..\Task\_task.c(173): warning:  #1-D: last line of file ends without a newline
linking...
Program Size: Code=68556 RO-data=4144 RW-data=2300 ZI-data=5044  
FromELF: creating hex file...
"..\User\Objects\HeilsCar.axf" - 0 Errors, 5 Warning(s).
Load "..\\User\\Objects\\HeilsCar.axf" 
Set JLink Project File to "E:\HeilsCar\Start\JLinkSettings.ini"
* JLink Info: Device "STM32F103ZE" selected (512 KB flash, 64 KB RAM).
 
JLink info:
------------
DLL: V4.68a, compiled Apr 12 2013 13:26:50
Firmware: J-Link ARM-OB STM32 compiled Aug 22 2012 19:52:04
Hardware: V7.00
S/N : 20090928 
Feature(s) : RDI,FlashDL,FlashBP,JFlash,GDBFull 
 
* JLink Info: Found SWD-DP with ID 0x1BA01477
* JLink Info: Found SWD-DP with ID 0x1BA01477
* JLink Info: TPIU fitted.
* JLink Info: ETM fitted.
* JLink Info: FPUnit: 6 code (BP) slots and 2 literal slots
* JLink Info: Found Cortex-M3 r1p1, Little endian.
ROMTableAddr = 0xE00FF003
 
Target info:
------------
Device: STM32F103ZE
VTarget = 3.300V
State of Pins: 
TCK: 0, TDI: 0, TDO: 1, TMS: 0, TRES: 1, TRST: 1
Hardware-Breakpoints: 6
Software-Breakpoints: 8192
Watchpoints:          4
JTAG speed: 2000 kHz
 
Erase Done.
Programming Done.
Verify OK.
Application running ...
Build target 'HeilsCar'
compiling _task.c...
..\Algorithm\_lcdio.h(28): warning:  #1-D: last line of file ends without a newline
..\Algorithm\_keep.h(8): warning:  #1-D: last line of file ends without a newline
..\Algorithm\_serial.h(23): warning:  #1295-D: Deprecated declaration SerialCreate - give arg types
..\Algorithm\_serial.h(25): warning:  #1-D: last line of file ends without a newline
..\Task\_task.c(173): warning:  #1-D: last line of file ends without a newline
linking...
Program Size: Code=71880 RO-data=4436 RW-data=2388 ZI-data=5044  
FromELF: creating hex file...
"..\User\Objects\HeilsCar.axf" - 0 Errors, 5 Warning(s).
Load "..\\User\\Objects\\HeilsCar.axf" 
Set JLink Project File to "E:\HeilsCar\Start\JLinkSettings.ini"
* JLink Info: Device "STM32F103ZE" selected (512 KB flash, 64 KB RAM).
 
JLink info:
------------
DLL: V4.68a, compiled Apr 12 2013 13:26:50
Firmware: J-Link ARM-OB STM32 compiled Aug 22 2012 19:52:04
Hardware: V7.00
S/N : 20090928 
Feature(s) : RDI,FlashDL,FlashBP,JFlash,GDBFull 
 
* JLink Info: Found SWD-DP with ID 0x1BA01477
* JLink Info: Found SWD-DP with ID 0x1BA01477
* JLink Info: TPIU fitted.
* JLink Info: ETM fitted.
* JLink Info: FPUnit: 6 code (BP) slots and 2 literal slots
* JLink Info: Found Cortex-M3 r1p1, Little endian.
ROMTableAddr = 0xE00FF003
 
Target info:
------------
Device: STM32F103ZE
VTarget = 3.300V
State of Pins: 
TCK: 0, TDI: 0, TDO: 1, TMS: 0, TRES: 1, TRST: 1
Hardware-Breakpoints: 6
Software-Breakpoints: 8192
Watchpoints:          4
JTAG speed: 2000 kHz
 
Erase Done.
Programming Done.
Verify OK.
Application running ...
Build target 'HeilsCar'
compiling _keep.c...
..\Algorithm\_lcdio.h(28): warning:  #1-D: last line of file ends without a newline
..\Algorithm\_keep.h(8): warning:  #1-D: last line of file ends without a newline
..\Algorithm\_keep.c(35): warning:  #550-D: variable "speed_robot_x" was set but never used
..\Algorithm\_keep.c(35): warning:  #550-D: variable "speed_robot_y" was set but never used
..\Algorithm\_keep.c(121): warning:  #1-D: last line of file ends without a newline
linking...
Program Size: Code=71868 RO-data=4432 RW-data=2388 ZI-data=5044  
FromELF: creating hex file...
"..\User\Objects\HeilsCar.axf" - 0 Errors, 5 Warning(s).
Load "..\\User\\Objects\\HeilsCar.axf" 
Set JLink Project File to "E:\HeilsCar\Start\JLinkSettings.ini"
* JLink Info: Device "STM32F103ZE" selected (512 KB flash, 64 KB RAM).
 
JLink info:
------------
DLL: V4.68a, compiled Apr 12 2013 13:26:50
Firmware: J-Link ARM-OB STM32 compiled Aug 22 2012 19:52:04
Hardware: V7.00
S/N : 20090928 
Feature(s) : RDI,FlashDL,FlashBP,JFlash,GDBFull 
 
* JLink Info: Found SWD-DP with ID 0x1BA01477
* JLink Info: Found SWD-DP with ID 0x1BA01477
* JLink Info: TPIU fitted.
* JLink Info: ETM fitted.
* JLink Info: FPUnit: 6 code (BP) slots and 2 literal slots
* JLink Info: Found Cortex-M3 r1p1, Little endian.
ROMTableAddr = 0xE00FF003
 
Target info:
------------
Device: STM32F103ZE
VTarget = 3.300V
State of Pins: 
TCK: 0, TDI: 0, TDO: 1, TMS: 0, TRES: 1, TRST: 1
Hardware-Breakpoints: 6
Software-Breakpoints: 8192
Watchpoints:          4
JTAG speed: 2000 kHz
 
Erase Done.
Programming Done.
Verify OK.
Application running ...
Build target 'HeilsCar'
compiling _task.c...
..\Algorithm\_lcdio.h(28): warning:  #1-D: last line of file ends without a newline
..\Algorithm\_keep.h(8): warning:  #1-D: last line of file ends without a newline
..\Algorithm\_serial.h(23): warning:  #1295-D: Deprecated declaration SerialCreate - give arg types
..\Algorithm\_serial.h(25): warning:  #1-D: last line of file ends without a newline
..\Task\_task.c(173): warning:  #1-D: last line of file ends without a newline
linking...
Program Size: Code=71868 RO-data=4432 RW-data=2388 ZI-data=5044  
FromELF: creating hex file...
"..\User\Objects\HeilsCar.axf" - 0 Errors, 5 Warning(s).
Load "..\\User\\Objects\\HeilsCar.axf" 
Set JLink Project File to "E:\HeilsCar\Start\JLinkSettings.ini"
* JLink Info: Device "STM32F103ZE" selected (512 KB flash, 64 KB RAM).
 
JLink info:
------------
DLL: V4.68a, compiled Apr 12 2013 13:26:50
Firmware: J-Link ARM-OB STM32 compiled Aug 22 2012 19:52:04
Hardware: V7.00
S/N : 20090928 
Feature(s) : RDI,FlashDL,FlashBP,JFlash,GDBFull 
 
* JLink Info: Found SWD-DP with ID 0x1BA01477
* JLink Info: Found SWD-DP with ID 0x1BA01477
* JLink Info: TPIU fitted.
* JLink Info: ETM fitted.
* JLink Info: FPUnit: 6 code (BP) slots and 2 literal slots
* JLink Info: Found Cortex-M3 r1p1, Little endian.
ROMTableAddr = 0xE00FF003
 
Target info:
------------
Device: STM32F103ZE
VTarget = 3.300V
State of Pins: 
TCK: 0, TDI: 0, TDO: 1, TMS: 0, TRES: 1, TRST: 1
Hardware-Breakpoints: 6
Software-Breakpoints: 8192
Watchpoints:          4
JTAG speed: 2000 kHz
 
Erase Done.
Programming Done.
Verify OK.
Application running ...
Build target 'HeilsCar'
compiling _keep.c...
..\Algorithm\_lcdio.h(28): warning:  #1-D: last line of file ends without a newline
..\Algorithm\_keep.h(8): warning:  #1-D: last line of file ends without a newline
..\Algorithm\_keep.c(35): warning:  #550-D: variable "speed_robot_x" was set but never used
..\Algorithm\_keep.c(35): warning:  #550-D: variable "speed_robot_y" was set but never used
..\Algorithm\_keep.c(121): warning:  #1-D: last line of file ends without a newline
compiling _task.c...
..\Algorithm\_lcdio.h(28): warning:  #1-D: last line of file ends without a newline
..\Algorithm\_keep.h(8): warning:  #1-D: last line of file ends without a newline
..\Algorithm\_serial.h(23): warning:  #1295-D: Deprecated declaration SerialCreate - give arg types
..\Algorithm\_serial.h(25): warning:  #1-D: last line of file ends without a newline
..\Task\_task.c(173): warning:  #1-D: last line of file ends without a newline
compiling main.c...
..\Algorithm\_lcdio.h(28): warning:  #1-D: last line of file ends without a newline
compiling stm32f10x_it.c...
linking...
Program Size: Code=71820 RO-data=4432 RW-data=2388 ZI-data=5044  
FromELF: creating hex file...
"..\User\Objects\HeilsCar.axf" - 0 Errors, 11 Warning(s).
Load "..\\User\\Objects\\HeilsCar.axf" 
Set JLink Project File to "E:\HeilsCar\Start\JLinkSettings.ini"
* JLink Info: Device "STM32F103ZE" selected (512 KB flash, 64 KB RAM).
 
JLink info:
------------
DLL: V4.68a, compiled Apr 12 2013 13:26:50
Firmware: J-Link ARM-OB STM32 compiled Aug 22 2012 19:52:04
Hardware: V7.00
S/N : 20090928 
Feature(s) : RDI,FlashDL,FlashBP,JFlash,GDBFull 
 
* JLink Info: Found SWD-DP with ID 0x1BA01477
* JLink Info: Found SWD-DP with ID 0x1BA01477
* JLink Info: TPIU fitted.
* JLink Info: ETM fitted.
* JLink Info: FPUnit: 6 code (BP) slots and 2 literal slots
* JLink Info: Found Cortex-M3 r1p1, Little endian.
ROMTableAddr = 0xE00FF003
 
Target info:
------------
Device: STM32F103ZE
VTarget = 3.300V
State of Pins: 
TCK: 0, TDI: 0, TDO: 1, TMS: 0, TRES: 1, TRST: 1
Hardware-Breakpoints: 6
Software-Breakpoints: 8192
Watchpoints:          4
JTAG speed: 2000 kHz
 
Erase Done.
Programming Done.
Verify OK.
Application running ...
Build target 'HeilsCar'
compiling _task.c...
..\Algorithm\_lcdio.h(28): warning:  #1-D: last line of file ends without a newline
..\Algorithm\_keep.h(8): warning:  #1-D: last line of file ends without a newline
..\Algorithm\_serial.h(23): warning:  #1295-D: Deprecated declaration SerialCreate - give arg types
..\Algorithm\_serial.h(25): warning:  #1-D: last line of file ends without a newline
..\Task\_task.c(173): warning:  #1-D: last line of file ends without a newline
linking...
Program Size: Code=71840 RO-data=4436 RW-data=2388 ZI-data=5044  
FromELF: creating hex file...
"..\User\Objects\HeilsCar.axf" - 0 Errors, 5 Warning(s).
Load "..\\User\\Objects\\HeilsCar.axf" 
Set JLink Project File to "E:\HeilsCar\Start\JLinkSettings.ini"
* JLink Info: Device "STM32F103ZE" selected (512 KB flash, 64 KB RAM).
 
JLink info:
------------
DLL: V4.68a, compiled Apr 12 2013 13:26:50
Firmware: J-Link ARM-OB STM32 compiled Aug 22 2012 19:52:04
Hardware: V7.00
S/N : 20090928 
Feature(s) : RDI,FlashDL,FlashBP,JFlash,GDBFull 
 
* JLink Info: Found SWD-DP with ID 0x1BA01477
* JLink Info: Found SWD-DP with ID 0x1BA01477
* JLink Info: TPIU fitted.
* JLink Info: ETM fitted.
* JLink Info: FPUnit: 6 code (BP) slots and 2 literal slots
* JLink Info: Found Cortex-M3 r1p1, Little endian.
ROMTableAddr = 0xE00FF003
 
Target info:
------------
Device: STM32F103ZE
VTarget = 3.300V
State of Pins: 
TCK: 0, TDI: 0, TDO: 1, TMS: 0, TRES: 1, TRST: 1
Hardware-Breakpoints: 6
Software-Breakpoints: 8192
Watchpoints:          4
JTAG speed: 2000 kHz
 
Erase Done.
Programming Done.
Verify OK.
Application running ...
Build target 'HeilsCar'
compiling _task.c...
..\Algorithm\_lcdio.h(28): warning:  #1-D: last line of file ends without a newline
..\Algorithm\_keep.h(8): warning:  #1-D: last line of file ends without a newline
..\Algorithm\_serial.h(23): warning:  #1295-D: Deprecated declaration SerialCreate - give arg types
..\Algorithm\_serial.h(25): warning:  #1-D: last line of file ends without a newline
..\Task\_task.c(173): warning:  #1-D: last line of file ends without a newline
linking...
Program Size: Code=71840 RO-data=4436 RW-data=2388 ZI-data=5044  
FromELF: creating hex file...
"..\User\Objects\HeilsCar.axf" - 0 Errors, 5 Warning(s).
Load "..\\User\\Objects\\HeilsCar.axf" 
Set JLink Project File to "E:\HeilsCar\Start\JLinkSettings.ini"
* JLink Info: Device "STM32F103ZE" selected (512 KB flash, 64 KB RAM).
 
JLink info:
------------
DLL: V4.68a, compiled Apr 12 2013 13:26:50
Firmware: J-Link ARM-OB STM32 compiled Aug 22 2012 19:52:04
Hardware: V7.00
S/N : 20090928 
Feature(s) : RDI,FlashDL,FlashBP,JFlash,GDBFull 
 
* JLink Info: Found SWD-DP with ID 0x1BA01477
* JLink Info: Found SWD-DP with ID 0x1BA01477
* JLink Info: TPIU fitted.
* JLink Info: ETM fitted.
* JLink Info: FPUnit: 6 code (BP) slots and 2 literal slots
* JLink Info: Found Cortex-M3 r1p1, Little endian.
ROMTableAddr = 0xE00FF003
 
Target info:
------------
Device: STM32F103ZE
VTarget = 3.300V
State of Pins: 
TCK: 0, TDI: 0, TDO: 1, TMS: 0, TRES: 1, TRST: 1
Hardware-Breakpoints: 6
Software-Breakpoints: 8192
Watchpoints:          4
JTAG speed: 2000 kHz
 
Erase Done.
Programming Done.
Verify OK.
Application running ...
Build target 'HeilsCar'
compiling _task.c...
..\Algorithm\_lcdio.h(28): warning:  #1-D: last line of file ends without a newline
..\Algorithm\_keep.h(8): warning:  #1-D: last line of file ends without a newline
..\Algorithm\_serial.h(23): warning:  #1295-D: Deprecated declaration SerialCreate - give arg types
..\Algorithm\_serial.h(25): warning:  #1-D: last line of file ends without a newline
..\Task\_task.c(173): warning:  #1-D: last line of file ends without a newline
linking...
Program Size: Code=71820 RO-data=4432 RW-data=2388 ZI-data=5044  
FromELF: creating hex file...
"..\User\Objects\HeilsCar.axf" - 0 Errors, 5 Warning(s).
Build target 'HeilsCar'
compiling _task.c...
..\Algorithm\_lcdio.h(28): warning:  #1-D: last line of file ends without a newline
..\Algorithm\_keep.h(8): warning:  #1-D: last line of file ends without a newline
..\Algorithm\_serial.h(23): warning:  #1295-D: Deprecated declaration SerialCreate - give arg types
..\Algorithm\_serial.h(25): warning:  #1-D: last line of file ends without a newline
..\Task\_task.c(173): warning:  #1-D: last line of file ends without a newline
linking...
Program Size: Code=71856 RO-data=4436 RW-data=2388 ZI-data=5044  
FromELF: creating hex file...
"..\User\Objects\HeilsCar.axf" - 0 Errors, 5 Warning(s).
Load "..\\User\\Objects\\HeilsCar.axf" 
Set JLink Project File to "E:\HeilsCar\Start\JLinkSettings.ini"
* JLink Info: Device "STM32F103ZE" selected (512 KB flash, 64 KB RAM).
 
JLink info:
------------
DLL: V4.68a, compiled Apr 12 2013 13:26:50
Firmware: J-Link ARM-OB STM32 compiled Aug 22 2012 19:52:04
Hardware: V7.00
S/N : 20090928 
Feature(s) : RDI,FlashDL,FlashBP,JFlash,GDBFull 
 
* JLink Info: Found SWD-DP with ID 0x1BA01477
* JLink Info: Found SWD-DP with ID 0x1BA01477
* JLink Info: TPIU fitted.
* JLink Info: ETM fitted.
* JLink Info: FPUnit: 6 code (BP) slots and 2 literal slots
* JLink Info: Found Cortex-M3 r1p1, Little endian.
ROMTableAddr = 0xE00FF003
 
Target info:
------------
Device: STM32F103ZE
VTarget = 3.300V
State of Pins: 
TCK: 0, TDI: 0, TDO: 1, TMS: 0, TRES: 1, TRST: 1
Hardware-Breakpoints: 6
Software-Breakpoints: 8192
Watchpoints:          4
JTAG speed: 2000 kHz
 
Erase Done.
Programming Done.
Verify OK.
Application running ...
