ARM Linker, 5.03 [Build 76] [MDK-ARM Standard]

==============================================================================

Section Cross References

    _math.o(.text) refers to drleqf.o(x$fpl$drleqf) for __aeabi_cdrcmple
    _math.o(.text) refers to faddsub_clz.o(x$fpl$fsub) for __aeabi_fsub
    _math.o(.text) refers to fmul.o(x$fpl$fmul) for __aeabi_fmul
    _math.o(.text) refers to f2d.o(x$fpl$f2d) for __aeabi_f2d
    _math.o(.text) refers to daddsub_clz.o(x$fpl$dadd) for __aeabi_dadd
    _math.o(.text) refers to sqrt.o(i.sqrt) for sqrt
    _math.o(.text) refers to frleqf.o(x$fpl$frleqf) for __aeabi_cfrcmple
    _math.o(.text) refers to dleqf.o(x$fpl$dleqf) for __aeabi_cdcmple
    _math.o(.text) refers to fdiv.o(x$fpl$fdiv) for __aeabi_fdiv
    _math.o(.text) refers to atan.o(i.atan) for atan
    _math.o(.text) refers to fleqf.o(x$fpl$fleqf) for __aeabi_cfcmple
    _math.o(.text) refers to daddsub_clz.o(x$fpl$dsub) for __aeabi_dsub
    _math.o(.text) refers to dmul.o(x$fpl$dmul) for __aeabi_dmul
    _math.o(.text) refers to ddiv.o(x$fpl$ddiv) for __aeabi_ddiv
    _math.o(.text) refers to d2f.o(x$fpl$d2f) for __aeabi_d2f
    _mecanum.o(.text) refers to rt_memcpy_w.o(.text) for __aeabi_memcpy4
    _mecanum.o(.text) refers to faddsub_clz.o(x$fpl$fadd) for __aeabi_fadd
    _mecanum.o(.text) refers to fdiv.o(x$fpl$fdiv) for __aeabi_fdiv
    _mecanum.o(.text) refers to fflt_clz.o(x$fpl$fflt) for __aeabi_i2f
    _mecanum.o(.text) refers to fmul.o(x$fpl$fmul) for __aeabi_fmul
    _mecanum.o(.text) refers to faddsub_clz.o(x$fpl$fsub) for __aeabi_fsub
    _mecanum.o(.text) refers to frleqf.o(x$fpl$frleqf) for __aeabi_cfrcmple
    _mecanum.o(.text) refers to f2d.o(x$fpl$f2d) for __aeabi_f2d
    _mecanum.o(.text) refers to _math.o(.text) for MaxFour
    _mecanum.o(.text) refers to d2f.o(x$fpl$d2f) for __aeabi_d2f
    _mecanum.o(.text) refers to dmul.o(x$fpl$dmul) for __aeabi_dmul
    _mecanum.o(.text) refers to daddsub_clz.o(x$fpl$dadd) for __aeabi_dadd
    _mecanum.o(.text) refers to _mecanum.o(.constdata) for .constdata
    _mecanum.o(.text) refers to _mecanum.o(.data) for wheel_rr
    _mecanum.o(.text) refers to _pwm.o(.text) for PWM_SetDuty
    _pid.o(.text) refers to fdiv.o(x$fpl$fdiv) for __aeabi_fdiv
    _pid.o(.text) refers to faddsub_clz.o(x$fpl$fadd) for __aeabi_fadd
    _pid.o(.text) refers to fmul.o(x$fpl$fmul) for __aeabi_fmul
    _pid.o(.text) refers to _pid.o(.data) for Pid_List
    _pid.o(.text) refers to _pid.o(.bss) for Vout
    _goline.o(.text) refers to _math.o(.text) for GetLineAngle
    _goline.o(.text) refers to d2f.o(x$fpl$d2f) for __aeabi_d2f
    _goline.o(.text) refers to fmul.o(x$fpl$fmul) for __aeabi_fmul
    _goline.o(.text) refers to faddsub_clz.o(x$fpl$fsub) for __aeabi_fsub
    _goline.o(.text) refers to fdiv.o(x$fpl$fdiv) for __aeabi_fdiv
    _goline.o(.text) refers to _pid.o(.text) for PID_Clear
    _goline.o(.text) refers to f2d.o(x$fpl$f2d) for __aeabi_f2d
    _goline.o(.text) refers to dleqf.o(x$fpl$dleqf) for __aeabi_cdcmple
    _goline.o(.text) refers to fleqf.o(x$fpl$fleqf) for __aeabi_cfcmple
    _goline.o(.text) refers to dmul.o(x$fpl$dmul) for __aeabi_dmul
    _goline.o(.text) refers to daddsub_clz.o(x$fpl$dadd) for __aeabi_dadd
    _goline.o(.text) refers to drleqf.o(x$fpl$drleqf) for __aeabi_cdrcmple
    _goline.o(.text) refers to daddsub_clz.o(x$fpl$dsub) for __aeabi_dsub
    _goline.o(.text) refers to cos.o(i.cos) for cos
    _goline.o(.text) refers to sin.o(i.sin) for sin
    _goline.o(.text) refers to faddsub_clz.o(x$fpl$fadd) for __aeabi_fadd
    _goline.o(.text) refers to _goline.o(.data) for Sta_Point
    _goline.o(.text) refers to _gopath.o(.bss) for GPS
    _goline.o(.text) refers to _pid.o(.data) for Pid_List
    _goline.o(.text) refers to sqrt.o(i.sqrt) for sqrt
    _goline.o(.text) refers to frleqf.o(x$fpl$frleqf) for __aeabi_cfrcmple
    _goline.o(.text) refers to _mecanum.o(.data) for Speed_X
    _gopath.o(.text) refers to _pid.o(.text) for PID_Clear
    _gopath.o(.text) refers to _math.o(.text) for GetLength
    _gopath.o(.text) refers to dleqf.o(x$fpl$dleqf) for __aeabi_cdcmple
    _gopath.o(.text) refers to fmul.o(x$fpl$fmul) for __aeabi_fmul
    _gopath.o(.text) refers to f2d.o(x$fpl$f2d) for __aeabi_f2d
    _gopath.o(.text) refers to cos.o(i.cos) for cos
    _gopath.o(.text) refers to dmul.o(x$fpl$dmul) for __aeabi_dmul
    _gopath.o(.text) refers to d2f.o(x$fpl$d2f) for __aeabi_d2f
    _gopath.o(.text) refers to sin.o(i.sin) for sin
    _gopath.o(.text) refers to faddsub_clz.o(x$fpl$fsub) for __aeabi_fsub
    _gopath.o(.text) refers to daddsub_clz.o(x$fpl$dsub) for __aeabi_dsub
    _gopath.o(.text) refers to drleqf.o(x$fpl$drleqf) for __aeabi_cdrcmple
    _gopath.o(.text) refers to daddsub_clz.o(x$fpl$dadd) for __aeabi_dadd
    _gopath.o(.text) refers to faddsub_clz.o(x$fpl$fadd) for __aeabi_fadd
    _gopath.o(.text) refers to _gopath.o(.data) for Point_StartNum
[...]
    RCC_AdjustHSICalibrationValue            0x0800a64f   Thumb Code    20  stm32f10x_rcc.o(.text)
    RCC_HSICmd                               0x0800a663   Thumb Code     6  stm32f10x_rcc.o(.text)
    RCC_PLLConfig                            0x0800a669   Thumb Code    24  stm32f10x_rcc.o(.text)
    RCC_PLLCmd                               0x0800a681   Thumb Code     6  stm32f10x_rcc.o(.text)
    RCC_SYSCLKConfig                         0x0800a687   Thumb Code    18  stm32f10x_rcc.o(.text)
    RCC_GetSYSCLKSource                      0x0800a699   Thumb Code    10  stm32f10x_rcc.o(.text)
    RCC_HCLKConfig                           0x0800a6a3   Thumb Code    18  stm32f10x_rcc.o(.text)
    RCC_PCLK1Config                          0x0800a6b5   Thumb Code    18  stm32f10x_rcc.o(.text)
    RCC_PCLK2Config                          0x0800a6c7   Thumb Code    20  stm32f10x_rcc.o(.text)
    RCC_ITConfig                             0x0800a6db   Thumb Code    26  stm32f10x_rcc.o(.text)
    RCC_USBCLKConfig                         0x0800a6f5   Thumb Code     6  stm32f10x_rcc.o(.text)
    RCC_ADCCLKConfig                         0x0800a6fb   Thumb Code    18  stm32f10x_rcc.o(.text)
    RCC_LSEConfig                            0x0800a70d   Thumb Code    44  stm32f10x_rcc.o(.text)
    RCC_LSICmd                               0x0800a739   Thumb Code     6  stm32f10x_rcc.o(.text)
    RCC_RTCCLKConfig                         0x0800a73f   Thumb Code    12  stm32f10x_rcc.o(.text)
    RCC_RTCCLKCmd                            0x0800a74b   Thumb Code     8  stm32f10x_rcc.o(.text)
    RCC_GetClocksFreq                        0x0800a753   Thumb Code   192  stm32f10x_rcc.o(.text)
    RCC_AHBPeriphClockCmd                    0x0800a813   Thumb Code    26  stm32f10x_rcc.o(.text)
    RCC_APB2PeriphClockCmd                   0x0800a82d   Thumb Code    26  stm32f10x_rcc.o(.text)
    RCC_APB1PeriphClockCmd                   0x0800a847   Thumb Code    26  stm32f10x_rcc.o(.text)
    RCC_APB2PeriphResetCmd                   0x0800a861   Thumb Code    26  stm32f10x_rcc.o(.text)
    RCC_APB1PeriphResetCmd                   0x0800a87b   Thumb Code    26  stm32f10x_rcc.o(.text)
    RCC_BackupResetCmd                       0x0800a895   Thumb Code     8  stm32f10x_rcc.o(.text)
    RCC_ClockSecuritySystemCmd               0x0800a89d   Thumb Code     6  stm32f10x_rcc.o(.text)
    RCC_MCOConfig                            0x0800a8a3   Thumb Code     6  stm32f10x_rcc.o(.text)
    RCC_ClearFlag                            0x0800a8a9   Thumb Code    14  stm32f10x_rcc.o(.text)
    RCC_GetITStatus                          0x0800a8b7   Thumb Code    20  stm32f10x_rcc.o(.text)
    RCC_ClearITPendingBit                    0x0800a8cb   Thumb Code     6  stm32f10x_rcc.o(.text)
    TIM_DeInit                               0x0800a8fd   Thumb Code   424  stm32f10x_tim.o(.text)
    TIM_TimeBaseInit                         0x0800aaa5   Thumb Code   122  stm32f10x_tim.o(.text)
    TIM_OC1Init                              0x0800ab1f   Thumb Code   132  stm32f10x_tim.o(.text)
    TIM_OC2Init                              0x0800aba3   Thumb Code   154  stm32f10x_tim.o(.text)
    TIM_OC3Init                              0x0800ac3d   Thumb Code   150  stm32f10x_tim.o(.text)
    TIM_OC4Init                              0x0800acd3   Thumb Code   182  stm32f10x_tim.o(.text)
    TIM_SetIC4Prescaler                      0x0800ad89   Thumb Code    26  stm32f10x_tim.o(.text)
    TIM_SetIC3Prescaler                      0x0800ae25   Thumb Code    18  stm32f10x_tim.o(.text)
    TIM_SetIC2Prescaler                      0x0800aeb1   Thumb Code    26  stm32f10x_tim.o(.text)
    TIM_SetIC1Prescaler                      0x0800af4d   Thumb Code    18  stm32f10x_tim.o(.text)
    TIM_ICInit                               0x0800afcb   Thumb Code   150  stm32f10x_tim.o(.text)
    TIM_PWMIConfig                           0x0800b061   Thumb Code   124  stm32f10x_tim.o(.text)
    TIM_BDTRConfig                           0x0800b0dd   Thumb Code    32  stm32f10x_tim.o(.text)
    TIM_TimeBaseStructInit                   0x0800b0fd   Thumb Code    18  stm32f10x_tim.o(.text)
    TIM_OCStructInit                         0x0800b10f   Thumb Code    20  stm32f10x_tim.o(.text)
    TIM_ICStructInit                         0x0800b123   Thumb Code    18  stm32f10x_tim.o(.text)
    TIM_BDTRStructInit                       0x0800b135   Thumb Code    40  stm32f10x_tim.o(.text)
    TIM_Cmd                                  0x0800b15d   Thumb Code    24  stm32f10x_tim.o(.text)
    TIM_CtrlPWMOutputs                       0x0800b175   Thumb Code    30  stm32f10x_tim.o(.text)
    TIM_ITConfig                             0x0800b193   Thumb Code    18  stm32f10x_tim.o(.text)
    TIM_GenerateEvent                        0x0800b1a5   Thumb Code     4  stm32f10x_tim.o(.text)
    TIM_DMAConfig                            0x0800b1a9   Thumb Code    10  stm32f10x_tim.o(.text)
    TIM_DMACmd                               0x0800b1b3   Thumb Code    18  stm32f10x_tim.o(.text)
    TIM_InternalClockConfig                  0x0800b1c5   Thumb Code    12  stm32f10x_tim.o(.text)
    TIM_SelectInputTrigger                   0x0800b1d1   Thumb Code    18  stm32f10x_tim.o(.text)
    TIM_ITRxExternalClockConfig              0x0800b1e3   Thumb Code    24  stm32f10x_tim.o(.text)
    TIM_TIxExternalClockConfig               0x0800b1fb   Thumb Code    62  stm32f10x_tim.o(.text)
    TIM_ETRConfig                            0x0800b239   Thumb Code    28  stm32f10x_tim.o(.text)
    TIM_ETRClockMode1Config                  0x0800b255   Thumb Code    54  stm32f10x_tim.o(.text)
    TIM_ETRClockMode2Config                  0x0800b28b   Thumb Code    32  stm32f10x_tim.o(.text)
    TIM_PrescalerConfig                      0x0800b2ab   Thumb Code     6  stm32f10x_tim.o(.text)
    TIM_CounterModeConfig                    0x0800b2b1   Thumb Code    18  stm32f10x_tim.o(.text)
    TIM_EncoderInterfaceConfig               0x0800b2c3   Thumb Code    66  stm32f10x_tim.o(.text)
    TIM_ForcedOC1Config                      0x0800b305   Thumb Code    18  stm32f10x_tim.o(.text)
    TIM_ForcedOC2Config                      0x0800b317   Thumb Code    26  stm32f10x_tim.o(.text)
    TIM_ForcedOC3Config                      0x0800b331   Thumb Code    18  stm32f10x_tim.o(.text)
    TIM_ForcedOC4Config                      0x0800b343   Thumb Code    26  stm32f10x_tim.o(.text)
    TIM_ARRPreloadConfig                     0x0800b35d   Thumb Code    24  stm32f10x_tim.o(.text)
    TIM_SelectCOM                            0x0800b375   Thumb Code    24  stm32f10x_tim.o(.text)
    TIM_SelectCCDMA                          0x0800b38d   Thumb Code    24  stm32f10x_tim.o(.text)
    TIM_CCPreloadControl                     0x0800b3a5   Thumb Code    24  stm32f10x_tim.o(.text)
    TIM_OC1PreloadConfig                     0x0800b3bd   Thumb Code    18  stm32f10x_tim.o(.text)
    TIM_OC2PreloadConfig                     0x0800b3cf   Thumb Code    26  stm32f10x_tim.o(.text)
    TIM_OC3PreloadConfig                     0x0800b3e9   Thumb Code    18  stm32f10x_tim.o(.text)
    TIM_OC4PreloadConfig                     0x0800b3fb   Thumb Code    26  stm32f10x_tim.o(.text)
    TIM_OC1FastConfig                        0x0800b415   Thumb Code    18  stm32f10x_tim.o(.text)
    TIM_OC2FastConfig                        0x0800b427   Thumb Code    26  stm32f10x_tim.o(.text)
    TIM_OC3FastConfig                        0x0800b441   Thumb Code    18  stm32f10x_tim.o(.text)
    TIM_OC4FastConfig                        0x0800b453   Thumb Code    26  stm32f10x_tim.o(.text)
    TIM_ClearOC1Ref                          0x0800b46d   Thumb Code    18  stm32f10x_tim.o(.text)
    TIM_ClearOC2Ref                          0x0800b47f   Thumb Code    24  stm32f10x_tim.o(.text)
    TIM_ClearOC3Ref                          0x0800b497   Thumb Code    18  stm32f10x_tim.o(.text)
    TIM_ClearOC4Ref                          0x0800b4a9   Thumb Code    24  stm32f10x_tim.o(.text)
    TIM_OC1PolarityConfig                    0x0800b4c1   Thumb Code    18  stm32f10x_tim.o(.text)
    TIM_OC1NPolarityConfig                   0x0800b4d3   Thumb Code    18  stm32f10x_tim.o(.text)
    TIM_OC2PolarityConfig                    0x0800b4e5   Thumb Code    26  stm32f10x_tim.o(.text)
    TIM_OC2NPolarityConfig                   0x0800b4ff   Thumb Code    26  stm32f10x_tim.o(.text)
    TIM_OC3PolarityConfig                    0x0800b519   Thumb Code    26  stm32f10x_tim.o(.text)
    TIM_OC3NPolarityConfig                   0x0800b533   Thumb Code    26  stm32f10x_tim.o(.text)
    TIM_OC4PolarityConfig                    0x0800b54d   Thumb Code    26  stm32f10x_tim.o(.text)
    TIM_CCxCmd                               0x0800b567   Thumb Code    30  stm32f10x_tim.o(.text)
    TIM_CCxNCmd                              0x0800b585   Thumb Code    30  stm32f10x_tim.o(.text)
    TIM_SelectOCxM                           0x0800b5a3   Thumb Code    82  stm32f10x_tim.o(.text)
    TIM_UpdateDisableConfig                  0x0800b5f5   Thumb Code    24  stm32f10x_tim.o(.text)
    TIM_UpdateRequestConfig                  0x0800b60d   Thumb Code    24  stm32f10x_tim.o(.text)
    TIM_SelectHallSensor                     0x0800b625   Thumb Code    24  stm32f10x_tim.o(.text)
    TIM_SelectOnePulseMode                   0x0800b63d   Thumb Code    18  stm32f10x_tim.o(.text)
    TIM_SelectOutputTrigger                  0x0800b64f   Thumb Code    18  stm32f10x_tim.o(.text)
    TIM_SelectSlaveMode                      0x0800b661   Thumb Code    18  stm32f10x_tim.o(.text)
    TIM_SelectMasterSlaveMode                0x0800b673   Thumb Code    18  stm32f10x_tim.o(.text)
    TIM_SetCounter                           0x0800b685   Thumb Code     4  stm32f10x_tim.o(.text)
    TIM_SetAutoreload                        0x0800b689   Thumb Code     4  stm32f10x_tim.o(.text)
    TIM_SetCompare1                          0x0800b68d   Thumb Code     4  stm32f10x_tim.o(.text)
    TIM_SetCompare2                          0x0800b691   Thumb Code     4  stm32f10x_tim.o(.text)
    TIM_SetCompare3                          0x0800b695   Thumb Code     4  stm32f10x_tim.o(.text)
    TIM_SetCompare4                          0x0800b699   Thumb Code     6  stm32f10x_tim.o(.text)
    TIM_SetClockDivision                     0x0800b69f   Thumb Code    18  stm32f10x_tim.o(.text)
    TIM_GetCapture1                          0x0800b6b1   Thumb Code     6  stm32f10x_tim.o(.text)
    TIM_GetCapture2                          0x0800b6b7   Thumb Code     6  stm32f10x_tim.o(.text)
    TIM_GetCapture3                          0x0800b6bd   Thumb Code     6  stm32f10x_tim.o(.text)
    TIM_GetCapture4                          0x0800b6c3   Thumb Code     8  stm32f10x_tim.o(.text)
    TIM_GetCounter                           0x0800b6cb   Thumb Code     6  stm32f10x_tim.o(.text)
    TIM_GetPrescaler                         0x0800b6d1   Thumb Code     6  stm32f10x_tim.o(.text)
    TIM_GetFlagStatus                        0x0800b6d7   Thumb Code    18  stm32f10x_tim.o(.text)
    TIM_ClearFlag                            0x0800b6e9   Thumb Code     6  stm32f10x_tim.o(.text)
    TIM_GetITStatus                          0x0800b6ef   Thumb Code    34  stm32f10x_tim.o(.text)
    TIM_ClearITPendingBit                    0x0800b711   Thumb Code     6  stm32f10x_tim.o(.text)
    USART_DeInit                             0x0800b719   Thumb Code   134  stm32f10x_usart.o(.text)
    USART_Init                               0x0800b79f   Thumb Code   210  stm32f10x_usart.o(.text)
    USART_StructInit                         0x0800b871   Thumb Code    24  stm32f10x_usart.o(.text)
    USART_ClockInit                          0x0800b889   Thumb Code    34  stm32f10x_usart.o(.text)
    USART_ClockStructInit                    0x0800b8ab   Thumb Code    12  stm32f10x_usart.o(.text)
    USART_Cmd                                0x0800b8b7   Thumb Code    24  stm32f10x_usart.o(.text)
    USART_ITConfig                           0x0800b8cf   Thumb Code    74  stm32f10x_usart.o(.text)
    USART_DMACmd                             0x0800b919   Thumb Code    18  stm32f10x_usart.o(.text)
    USART_SetAddress                         0x0800b92b   Thumb Code    18  stm32f10x_usart.o(.text)
    USART_WakeUpConfig                       0x0800b93d   Thumb Code    18  stm32f10x_usart.o(.text)
    USART_ReceiverWakeUpCmd                  0x0800b94f   Thumb Code    24  stm32f10x_usart.o(.text)
    USART_LINBreakDetectLengthConfig         0x0800b967   Thumb Code    18  stm32f10x_usart.o(.text)
    USART_LINCmd                             0x0800b979   Thumb Code    24  stm32f10x_usart.o(.text)
    USART_SendData                           0x0800b991   Thumb Code     8  stm32f10x_usart.o(.text)
    USART_ReceiveData                        0x0800b999   Thumb Code    10  stm32f10x_usart.o(.text)
    USART_SendBreak                          0x0800b9a3   Thumb Code    10  stm32f10x_usart.o(.text)
    USART_SetGuardTime                       0x0800b9ad   Thumb Code    16  stm32f10x_usart.o(.text)
    USART_SetPrescaler                       0x0800b9bd   Thumb Code    16  stm32f10x_usart.o(.text)
    USART_SmartCardCmd                       0x0800b9cd   Thumb Code    24  stm32f10x_usart.o(.text)
    USART_SmartCardNACKCmd                   0x0800b9e5   Thumb Code    24  stm32f10x_usart.o(.text)
    USART_HalfDuplexCmd                      0x0800b9fd   Thumb Code    24  stm32f10x_usart.o(.text)
    USART_OverSampling8Cmd                   0x0800ba15   Thumb Code    22  stm32f10x_usart.o(.text)
    USART_OneBitMethodCmd                    0x0800ba2b   Thumb Code    24  stm32f10x_usart.o(.text)
    USART_IrDAConfig                         0x0800ba43   Thumb Code    18  stm32f10x_usart.o(.text)
    USART_IrDACmd                            0x0800ba55   Thumb Code    24  stm32f10x_usart.o(.text)
    USART_GetFlagStatus                      0x0800ba6d   Thumb Code    26  stm32f10x_usart.o(.text)
    USART_ClearFlag                          0x0800ba87   Thumb Code    18  stm32f10x_usart.o(.text)
    USART_GetITStatus                        0x0800ba99   Thumb Code    84  stm32f10x_usart.o(.text)
    USART_ClearITPendingBit                  0x0800baed   Thumb Code    52  stm32f10x_usart.o(.text)
    Reset_Handler                            0x0800bb21   Thumb Code     8  startup_stm32f10x_hd.o(.text)
    ADC1_2_IRQHandler                        0x0800bb3b   Thumb Code     0  startup_stm32f10x_hd.o(.text)
    ADC3_IRQHandler                          0x0800bb3b   Thumb Code     0  startup_stm32f10x_hd.o(.text)
    CAN1_SCE_IRQHandler                      0x0800bb3b   Thumb Code     0  startup_stm32f10x_hd.o(.text)
    DMA1_Channel1_IRQHandler                 0x0800bb3b   Thumb Code     0  startup_stm32f10x_hd.o(.text)
    DMA1_Channel2_IRQHandler                 0x0800bb3b   Thumb Code     0  startup_stm32f10x_hd.o(.text)
    DMA1_Channel3_IRQHandler                 0x0800bb3b   Thumb Code     0  startup_stm32f10x_hd.o(.text)
    DMA1_Channel4_IRQHandler                 0x0800bb3b   Thumb Code     0  startup_stm32f10x_hd.o(.text)
    DMA1_Channel5_IRQHandler                 0x0800bb3b   Thumb Code     0  startup_stm32f10x_hd.o(.text)
    DMA1_Channel6_IRQHandler                 0x0800bb3b   Thumb Code     0  startup_stm32f10x_hd.o(.text)
    DMA1_Channel7_IRQHandler                 0x0800bb3b   Thumb Code     0  startup_stm32f10x_hd.o(.text)
    DMA2_Channel1_IRQHandler                 0x0800bb3b   Thumb Code     0  startup_stm32f10x_hd.o(.text)
    DMA2_Channel2_IRQHandler                 0x0800bb3b   Thumb Code     0  startup_stm32f10x_hd.o(.text)
    DMA2_Channel3_IRQHandler                 0x0800bb3b   Thumb Code     0  startup_stm32f10x_hd.o(.text)
    DMA2_Channel4_5_IRQHandler               0x0800bb3b   Thumb Code     0  startup_stm32f10x_hd.o(.text)
    FLASH_IRQHandler                         0x0800bb3b   Thumb Code     0  startup_stm32f10x_hd.o(.text)
    FSMC_IRQHandler                          0x0800bb3b   Thumb Code     0  startup_stm32f10x_hd.o(.text)
    I2C1_ER_IRQHandler                       0x0800bb3b   Thumb Code     0  startup_stm32f10x_hd.o(.text)
    I2C1_EV_IRQHandler                       0x0800bb3b   Thumb Code     0  startup_stm32f10x_hd.o(.text)
    I2C2_ER_IRQHandler                       0x0800bb3b   Thumb Code     0  startup_stm32f10x_hd.o(.text)
    I2C2_EV_IRQHandler                       0x0800bb3b   Thumb Code     0  startup_stm32f10x_hd.o(.text)
    PVD_IRQHandler                           0x0800bb3b   Thumb Code     0  startup_stm32f10x_hd.o(.text)
    RCC_IRQHandler                           0x0800bb3b   Thumb Code     0  startup_stm32f10x_hd.o(.text)
    RTCAlarm_IRQHandler                      0x0800bb3b   Thumb Code     0  startup_stm32f10x_hd.o(.text)
    RTC_IRQHandler                           0x0800bb3b   Thumb Code     0  startup_stm32f10x_hd.o(.text)
    SDIO_IRQHandler                          0x0800bb3b   Thumb Code     0  startup_stm32f10x_hd.o(.text)
    SPI1_IRQHandler                          0x0800bb3b   Thumb Code     0  startup_stm32f10x_hd.o(.text)
    SPI2_IRQHandler                          0x0800bb3b   Thumb Code     0  startup_stm32f10x_hd.o(.text)
    SPI3_IRQHandler                          0x0800bb3b   Thumb Code     0  startup_stm32f10x_hd.o(.text)
    TAMPER_IRQHandler                        0x0800bb3b   Thumb Code     0  startup_stm32f10x_hd.o(.text)
    TIM1_BRK_IRQHandler                      0x0800bb3b   Thumb Code     0  startup_stm32f10x_hd.o(.text)
    TIM1_CC_IRQHandler                       0x0800bb3b   Thumb Code     0  startup_stm32f10x_hd.o(.text)
    TIM1_TRG_COM_IRQHandler                  0x0800bb3b   Thumb Code     0  startup_stm32f10x_hd.o(.text)
    TIM1_UP_IRQHandler                       0x0800bb3b   Thumb Code     0  startup_stm32f10x_hd.o(.text)
    TIM2_IRQHandler                          0x0800bb3b   Thumb Code     0  startup_stm32f10x_hd.o(.text)
    TIM3_IRQHandler                          0x0800bb3b   Thumb Code     0  startup_stm32f10x_hd.o(.text)
    TIM5_IRQHandler                          0x0800bb3b   Thumb Code     0  startup_stm32f10x_hd.o(.text)
    TIM6_IRQHandler                          0x0800bb3b   Thumb Code     0  startup_stm32f10x_hd.o(.text)
    TIM7_IRQHandler                          0x0800bb3b   Thumb Code     0  startup_stm32f10x_hd.o(.text)
    TIM8_BRK_IRQHandler                      0x0800bb3b   Thumb Code     0  startup_stm32f10x_hd.o(.text)
    TIM8_CC_IRQHandler                       0x0800bb3b   Thumb Code     0  startup_stm32f10x_hd.o(.text)
    TIM8_TRG_COM_IRQHandler                  0x0800bb3b   Thumb Code     0  startup_stm32f10x_hd.o(.text)
    TIM8_UP_IRQHandler                       0x0800bb3b   Thumb Code     0  startup_stm32f10x_hd.o(.text)
    UART4_IRQHandler                         0x0800bb3b   Thumb Code     0  startup_stm32f10x_hd.o(.text)
    UART5_IRQHandler                         0x0800bb3b   Thumb Code     0  startup_stm32f10x_hd.o(.text)
    USART2_IRQHandler                        0x0800bb3b   Thumb Code     0  startup_stm32f10x_hd.o(.text)
    USBWakeUp_IRQHandler                     0x0800bb3b   Thumb Code     0  startup_stm32f10x_hd.o(.text)
    USB_HP_CAN1_TX_IRQHandler                0x0800bb3b   Thumb Code     0  startup_stm32f10x_hd.o(.text)
    WWDG_IRQHandler                          0x0800bb3b   Thumb Code     0  startup_stm32f10x_hd.o(.text)
    __user_initial_stackheap                 0x0800bb3d   Thumb Code     0  startup_stm32f10x_hd.o(.text)
    OS_TaskStatStkChk                        0x0800bb61   Thumb Code    54  os_core.o(.text)
    OS_TaskStat                              0x0800bb97   Thumb Code   116  os_core.o(.text)
    OS_TaskIdle                              0x0800bc3f   Thumb Code    34  os_core.o(.text)
    OS_MemClr                                0x0800bc95   Thumb Code    18  os_core.o(.text)
    OSInit                                   0x0800bdb3   Thumb Code    44  os_core.o(.text)
    OSIntEnter                               0x0800bddf   Thumb Code    28  os_core.o(.text)
    OSIntExit                                0x0800be15   Thumb Code   112  os_core.o(.text)
    OSSchedLock                              0x0800be85   Thumb Code    50  os_core.o(.text)
    OS_Sched                                 0x0800beb7   Thumb Code    88  os_core.o(.text)
    OSSchedUnlock                            0x0800bf0f   Thumb Code   238  os_core.o(.text)
    OSStart                                  0x0800bffd   Thumb Code    48  os_core.o(.text)
    OSStatInit                               0x0800c02d   Thumb Code    62  os_core.o(.text)
    OSTimeTick                               0x0800c06b   Thumb Code   218  os_core.o(.text)
    OSVersion                                0x0800c145   Thumb Code     6  os_core.o(.text)
    OS_Dummy                                 0x0800c14b   Thumb Code     2  os_core.o(.text)
    OS_EventTaskRemove                       0x0800c14d   Thumb Code    42  os_core.o(.text)
    OS_EventTaskRdy                          0x0800c177   Thumb Code   118  os_core.o(.text)
    OS_EventTaskWait                         0x0800c1ed   Thumb Code   112  os_core.o(.text)
    OS_EventWaitListInit                     0x0800c25d   Thumb Code    28  os_core.o(.text)
    OS_MemCopy                               0x0800c279   Thumb Code    20  os_core.o(.text)
    OS_StrLen                                0x0800c28d   Thumb Code    20  os_core.o(.text)
    OS_TCBInit                               0x0800c2a1   Thumb Code   294  os_core.o(.text)
    OSFlagAccept                             0x0800c40d   Thumb Code   252  os_flag.o(.text)
    OSFlagCreate                             0x0800c509   Thumb Code    86  os_flag.o(.text)
    OS_FlagUnlink                            0x0800c55f   Thumb Code    36  os_flag.o(.text)
    OSFlagDel                                0x0800c5e3   Thumb Code   214  os_flag.o(.text)
    OSFlagNameGet                            0x0800c6b9   Thumb Code    80  os_flag.o(.text)
    OSFlagNameSet                            0x0800c709   Thumb Code    66  os_flag.o(.text)
    OSFlagPend                               0x0800c7e3   Thumb Code   614  os_flag.o(.text)
    OSFlagPendGetFlagsRdy                    0x0800ca49   Thumb Code    26  os_flag.o(.text)
    OSFlagPost                               0x0800ca63   Thumb Code   312  os_flag.o(.text)
    OSFlagQuery                              0x0800cb9b   Thumb Code    48  os_flag.o(.text)
    OS_FlagInit                              0x0800cbcb   Thumb Code    78  os_flag.o(.text)
    OSQAccept                                0x0800cc25   Thumb Code    88  os_q.o(.text)
    OSQCreate                                0x0800cc7d   Thumb Code   140  os_q.o(.text)
    OSQDel                                   0x0800cd09   Thumb Code   236  os_q.o(.text)
    OSQFlush                                 0x0800cdf5   Thumb Code    36  os_q.o(.text)
    OSQPend                                  0x0800ce19   Thumb Code   272  os_q.o(.text)
    OSQPendAbort                             0x0800cf29   Thumb Code   128  os_q.o(.text)
    OSQPost                                  0x0800cfa9   Thumb Code   114  os_q.o(.text)
    OSQPostFront                             0x0800d01b   Thumb Code   136  os_q.o(.text)
    OSQPostOpt                               0x0800d0a3   Thumb Code   182  os_q.o(.text)
    OSQQuery                                 0x0800d159   Thumb Code    98  os_q.o(.text)
    OS_QInit                                 0x0800d1bb   Thumb Code    72  os_q.o(.text)
    OSTaskChangePrio                         0x0800d20d   Thumb Code   310  os_task.o(.text)
    OSTaskCreate                             0x0800d343   Thumb Code   148  os_task.o(.text)
    OS_TaskStkClr                            0x0800d3d7   Thumb Code    26  os_task.o(.text)
    OSTaskCreateExt                          0x0800d3f1   Thumb Code   170  os_task.o(.text)
    OSTaskDel                                0x0800d49b   Thumb Code   294  os_task.o(.text)
    OSTaskDelReq                             0x0800d5c1   Thumb Code   146  os_task.o(.text)
    OSTaskNameGet                            0x0800d653   Thumb Code   114  os_task.o(.text)
    OSTaskNameSet                            0x0800d6c5   Thumb Code    98  os_task.o(.text)
    OSTaskResume                             0x0800d727   Thumb Code   160  os_task.o(.text)
    OSTaskStkChk                             0x0800d7c7   Thumb Code   132  os_task.o(.text)
    OSTaskSuspend                            0x0800d84b   Thumb Code   152  os_task.o(.text)
    OSTaskQuery                              0x0800d8e3   Thumb Code    82  os_task.o(.text)
    OSTaskRegGet                             0x0800d935   Thumb Code    60  os_task.o(.text)
    OSTaskRegSet                             0x0800d971   Thumb Code    62  os_task.o(.text)
    OS_TaskReturn                            0x0800d9af   Thumb Code    18  os_task.o(.text)
    OSTimeDly                                0x0800d9d9   Thumb Code   100  os_time.o(.text)
    OSTimeDlyHMSM                            0x0800da3d   Thumb Code    86  os_time.o(.text)
    OSTimeDlyResume                          0x0800da93   Thumb Code   176  os_time.o(.text)
    OSTimeGet                                0x0800db43   Thumb Code    24  os_time.o(.text)
    OSTimeSet                                0x0800db5b   Thumb Code    24  os_time.o(.text)
    OSInitHookBegin                          0x0800db91   Thumb Code     2  os_cpu_c.o(.text)
    OSInitHookEnd                            0x0800db93   Thumb Code     2  os_cpu_c.o(.text)
    OSTaskCreateHook                         0x0800db95   Thumb Code     2  os_cpu_c.o(.text)
    OSTaskDelHook                            0x0800db97   Thumb Code     2  os_cpu_c.o(.text)
    OSTaskIdleHook                           0x0800db99   Thumb Code     2  os_cpu_c.o(.text)
    OSTaskStatHook                           0x0800db9b   Thumb Code     2  os_cpu_c.o(.text)
    OSTaskStkInit                            0x0800db9d   Thumb Code   154  os_cpu_c.o(.text)
    OSTaskSwHook                             0x0800dc37   Thumb Code     2  os_cpu_c.o(.text)
    OSTCBInitHook                            0x0800dc39   Thumb Code     2  os_cpu_c.o(.text)
    OSTimeTickHook                           0x0800dc3b   Thumb Code     2  os_cpu_c.o(.text)
    OSTaskReturnHook                         0x0800dc3d   Thumb Code     2  os_cpu_c.o(.text)
    OS_CPU_SR_Save                           0x0800dc41   Thumb Code     0  os_cpu_a.o(.text)
    OS_CPU_SR_Restore                        0x0800dc49   Thumb Code     0  os_cpu_a.o(.text)
    OSStartHighRdy                           0x0800dc4f   Thumb Code     0  os_cpu_a.o(.text)
    OSCtxSw                                  0x0800dc71   Thumb Code     0  os_cpu_a.o(.text)
    OSIntCtxSw                               0x0800dc7f   Thumb Code     0  os_cpu_a.o(.text)
    PendSV_Handler                           0x0800dc8f   Thumb Code     0  os_cpu_a.o(.text)
    vsprintf                                 0x0800dcf5   Thumb Code    32  vsprintf.o(.text)
    strcpy                                   0x0800dd19   Thumb Code    72  strcpy.o(.text)
    strlen                                   0x0800dd61   Thumb Code    62  strlen.o(.text)
    __aeabi_memcpy4                          0x0800dd9f   Thumb Code     0  rt_memcpy_w.o(.text)
    __aeabi_memcpy8                          0x0800dd9f   Thumb Code     0  rt_memcpy_w.o(.text)
    __rt_memcpy_w                            0x0800dd9f   Thumb Code   100  rt_memcpy_w.o(.text)
    _memcpy_lastbytes_aligned                0x0800dde7   Thumb Code     0  rt_memcpy_w.o(.text)
    __use_two_region_memory                  0x0800de03   Thumb Code     2  heapauxi.o(.text)
    __rt_heap_escrow$2region                 0x0800de05   Thumb Code     2  heapauxi.o(.text)
    __rt_heap_expand$2region                 0x0800de07   Thumb Code     2  heapauxi.o(.text)
    __read_errno                             0x0800de09   Thumb Code    10  _rserrno.o(.text)
    __set_errno                              0x0800de13   Thumb Code    12  _rserrno.o(.text)
    _printf_pre_padding                      0x0800de1f   Thumb Code    46  _printf_pad.o(.text)
    _printf_post_padding                     0x0800de4d   Thumb Code    36  _printf_pad.o(.text)
    _printf_truncate_signed                  0x0800de71   Thumb Code    18  _printf_truncate.o(.text)
    _printf_truncate_unsigned                0x0800de83   Thumb Code    18  _printf_truncate.o(.text)
    _printf_str                              0x0800de95   Thumb Code    82  _printf_str.o(.text)
    _printf_int_dec                          0x0800dee9   Thumb Code   102  _printf_dec.o(.text)
    _printf_charcount                        0x0800df61   Thumb Code    42  _printf_charcount.o(.text)
    _printf_char_common                      0x0800df97   Thumb Code    32  _printf_char_common.o(.text)
    _sputc                                   0x0800dfbd   Thumb Code    10  _sputc.o(.text)
    _printf_wctomb                           0x0800dfc9   Thumb Code   182  _printf_wctomb.o(.text)
    _printf_longlong_dec                     0x0800e085   Thumb Code   104  _printf_longlong_dec.o(.text)
    _printf_longlong_oct                     0x0800e0fd   Thumb Code    76  _printf_oct_int_ll.o(.text)
    _printf_int_oct                          0x0800e149   Thumb Code    24  _printf_oct_int_ll.o(.text)
    _printf_ll_oct                           0x0800e161   Thumb Code    12  _printf_oct_int_ll.o(.text)
    _printf_longlong_hex                     0x0800e175   Thumb Code    92  _printf_hex_int_ll_ptr.o(.text)
    _printf_int_hex                          0x0800e1d1   Thumb Code    28  _printf_hex_int_ll_ptr.o(.text)
    _printf_ll_hex                           0x0800e1ed   Thumb Code    12  _printf_hex_int_ll_ptr.o(.text)
    _printf_hex_ptr                          0x0800e1f9   Thumb Code    18  _printf_hex_int_ll_ptr.o(.text)
    __printf                                 0x0800e211   Thumb Code   390  __printf_flags_ss_wp.o(.text)
    __aeabi_errno_addr                       0x0800e39d   Thumb Code     8  rt_errno_addr_intlibspace.o(.text)
    __errno$intlibspace                      0x0800e39d   Thumb Code     0  rt_errno_addr_intlibspace.o(.text)
    __rt_errno_addr$intlibspace              0x0800e39d   Thumb Code     0  rt_errno_addr_intlibspace.o(.text)
    _ll_udiv10                               0x0800e3a5   Thumb Code   138  lludiv10.o(.text)
    _printf_int_common                       0x0800e42f   Thumb Code   184  _printf_intcommon.o(.text)
    __lib_sel_fp_printf                      0x0800e4e7   Thumb Code     2  _printf_fp_dec.o(.text)
    _printf_fp_dec_real                      0x0800e693   Thumb Code   628  _printf_fp_dec.o(.text)
    _printf_fp_hex_real                      0x0800e909   Thumb Code   760  _printf_fp_hex.o(.text)
    _printf_cs_common                        0x0800ec09   Thumb Code    20  _printf_char.o(.text)
    _printf_char                             0x0800ec1d   Thumb Code    16  _printf_char.o(.text)
    _printf_string                           0x0800ec2d   Thumb Code     8  _printf_char.o(.text)
    _printf_lcs_common                       0x0800ec35   Thumb Code    20  _printf_wchar.o(.text)
    _printf_wchar                            0x0800ec49   Thumb Code    16  _printf_wchar.o(.text)
    _printf_wstring                          0x0800ec59   Thumb Code     8  _printf_wchar.o(.text)
    _wcrtomb                                 0x0800ec61   Thumb Code    64  _wcrtomb.o(.text)
    __user_libspace                          0x0800eca1   Thumb Code     8  libspace.o(.text)
    __user_perproc_libspace                  0x0800eca1   Thumb Code     0  libspace.o(.text)
    __user_perthread_libspace                0x0800eca1   Thumb Code     0  libspace.o(.text)
    __user_setup_stackheap                   0x0800eca9   Thumb Code    74  sys_stackheap_outer.o(.text)
    __rt_ctype_table                         0x0800ecf5   Thumb Code    16  rt_ctype_table.o(.text)
    __rt_locale                              0x0800ed05   Thumb Code     8  rt_locale_intlibspace.o(.text)
    _printf_fp_infnan                        0x0800ed0d   Thumb Code   112  _printf_fp_infnan.o(.text)
    _btod_etento                             0x0800ed8d   Thumb Code   222  bigflt0.o(.text)
    exit                                     0x0800ee71   Thumb Code    12  exit.o(.text)
    strcmp                                   0x0800ee7d   Thumb Code   128  strcmpv7m.o(.text)
    _sys_exit                                0x0800eefd   Thumb Code     8  sys_exit.o(.text)
    __I$use$semihosting                      0x0800ef09   Thumb Code     0  use_no_semi.o(.text)
    __use_no_semihosting_swi                 0x0800ef09   Thumb Code     2  use_no_semi.o(.text)
    __semihosting_library_function           0x0800ef0b   Thumb Code     0  indicate_semi.o(.text)
    _btod_d2e                                0x0800ef0b   Thumb Code    62  btod.o(CL$$btod_d2e)
    _d2e_denorm_low                          0x0800ef49   Thumb Code    70  btod.o(CL$$btod_d2e_denorm_low)
    _d2e_norm_op1                            0x0800ef8f   Thumb Code    96  btod.o(CL$$btod_d2e_norm_op1)
    __btod_div_common                        0x0800efef   Thumb Code   696  btod.o(CL$$btod_div_common)
    _e2e                                     0x0800f327   Thumb Code   198  btod.o(CL$$btod_e2e)
    _btod_ediv                               0x0800f3ed   Thumb Code    40  btod.o(CL$$btod_ediv)
    _btod_emul                               0x0800f415   Thumb Code    40  btod.o(CL$$btod_emul)
    __btod_mult_common                       0x0800f43d   Thumb Code   580  btod.o(CL$$btod_mult_common)
    __ARM_fpclassify                         0x0800f681   Thumb Code    40  fpclassify.o(i.__ARM_fpclassify)
    __ieee754_rem_pio2                       0x0800f6a9   Thumb Code   832  rred.o(i.__ieee754_rem_pio2)
    __kernel_cos                             0x0800fa31   Thumb Code   230  cos_i.o(i.__kernel_cos)
    __kernel_poly                            0x0800fb2d   Thumb Code   170  poly.o(i.__kernel_poly)
    __kernel_sin                             0x0800fbd9   Thumb Code   224  sin_i.o(i.__kernel_sin)
    __mathlib_dbl_underflow                  0x0800fcc5   Thumb Code    10  dunder.o(i.__mathlib_dbl_underflow)
    _is_digit                                0x0800fcd5   Thumb Code    14  __printf_wp.o(i._is_digit)
    atan                                     0x0800fce5   Thumb Code   478  atan.o(i.atan)
    cos                                      0x0800ff09   Thumb Code   164  cos.o(i.cos)
    sin                                      0x0800ffb5   Thumb Code   166  sin.o(i.sin)
    sqrt                                     0x08010065   Thumb Code    76  sqrt.o(i.sqrt)
    _get_lc_numeric                          0x080100b1   Thumb Code    44  lc_numeric_c.o(locale$$code)
    _get_lc_ctype                            0x080100dd   Thumb Code    44  lc_ctype_c.o(locale$$code)
    __aeabi_d2f                              0x08010109   Thumb Code     0  d2f.o(x$fpl$d2f)
    _d2f                                     0x08010109   Thumb Code    98  d2f.o(x$fpl$d2f)
    __aeabi_dadd                             0x0801016d   Thumb Code     0  daddsub_clz.o(x$fpl$dadd)
    _dadd                                    0x0801016d   Thumb Code   332  daddsub_clz.o(x$fpl$dadd)
    __fpl_dcheck_NaN1                        0x080102bd   Thumb Code    10  dcheck1.o(x$fpl$dcheck1)
    __fpl_dcmp_Inf                           0x080102cd   Thumb Code    24  dcmpi.o(x$fpl$dcmpinf)
    __aeabi_ddiv                             0x080102e5   Thumb Code     0  ddiv.o(x$fpl$ddiv)
    _ddiv                                    0x080102e5   Thumb Code   552  ddiv.o(x$fpl$ddiv)
    __aeabi_d2iz                             0x08010595   Thumb Code     0  dfix.o(x$fpl$dfix)
    _dfix                                    0x08010595   Thumb Code    94  dfix.o(x$fpl$dfix)
    __aeabi_d2uiz                            0x080105f5   Thumb Code     0  dfixu.o(x$fpl$dfixu)
    _dfixu                                   0x080105f5   Thumb Code    90  dfixu.o(x$fpl$dfixu)
    __aeabi_i2d                              0x0801064f   Thumb Code     0  dflt_clz.o(x$fpl$dflt)
    _dflt                                    0x0801064f   Thumb Code    46  dflt_clz.o(x$fpl$dflt)
    __aeabi_ui2d                             0x0801067d   Thumb Code     0  dflt_clz.o(x$fpl$dfltu)
    _dfltu                                   0x0801067d   Thumb Code    38  dflt_clz.o(x$fpl$dfltu)
    __aeabi_cdcmple                          0x080106a5   Thumb Code     0  dleqf.o(x$fpl$dleqf)
    _dcmple                                  0x080106a5   Thumb Code   120  dleqf.o(x$fpl$dleqf)
    __fpl_dcmple_InfNaN                      0x08010707   Thumb Code     0  dleqf.o(x$fpl$dleqf)
    __aeabi_dmul                             0x0801071d   Thumb Code     0  dmul.o(x$fpl$dmul)
    _dmul                                    0x0801071d   Thumb Code   332  dmul.o(x$fpl$dmul)
    __fpl_dnaninf                            0x08010871   Thumb Code   156  dnaninf.o(x$fpl$dnaninf)
    __fpl_dretinf                            0x0801090d   Thumb Code    12  dretinf.o(x$fpl$dretinf)
    __aeabi_cdrcmple                         0x08010919   Thumb Code     0  drleqf.o(x$fpl$drleqf)
    _drcmple                                 0x08010919   Thumb Code   108  drleqf.o(x$fpl$drleqf)
    __aeabi_drsub                            0x08010985   Thumb Code     0  daddsub_clz.o(x$fpl$drsb)
    _drsb                                    0x08010985   Thumb Code    22  daddsub_clz.o(x$fpl$drsb)
    _dsqrt                                   0x0801099d   Thumb Code   456  dsqrt_noumaal.o(x$fpl$dsqrt)
    __aeabi_dsub                             0x08010b69   Thumb Code     0  daddsub_clz.o(x$fpl$dsub)
    _dsub                                    0x08010b69   Thumb Code   464  daddsub_clz.o(x$fpl$dsub)
    __aeabi_f2d                              0x08010d3d   Thumb Code     0  f2d.o(x$fpl$f2d)
    _f2d                                     0x08010d3d   Thumb Code    86  f2d.o(x$fpl$f2d)
    __aeabi_fadd                             0x08010d95   Thumb Code     0  faddsub_clz.o(x$fpl$fadd)
    _fadd                                    0x08010d95   Thumb Code   196  faddsub_clz.o(x$fpl$fadd)
    __fpl_fcmp_Inf                           0x08010e59   Thumb Code    24  fcmpi.o(x$fpl$fcmpinf)
    __aeabi_fdiv                             0x08010e71   Thumb Code     0  fdiv.o(x$fpl$fdiv)
    _fdiv                                    0x08010e71   Thumb Code   384  fdiv.o(x$fpl$fdiv)
    __aeabi_f2iz                             0x08010ff5   Thumb Code     0  ffix.o(x$fpl$ffix)
    _ffix                                    0x08010ff5   Thumb Code    54  ffix.o(x$fpl$ffix)
    __aeabi_f2uiz                            0x0801102d   Thumb Code     0  ffixu.o(x$fpl$ffixu)
    _ffixu                                   0x0801102d   Thumb Code    62  ffixu.o(x$fpl$ffixu)
    __aeabi_i2f                              0x0801106d   Thumb Code     0  fflt_clz.o(x$fpl$fflt)
    _fflt                                    0x0801106d   Thumb Code    48  fflt_clz.o(x$fpl$fflt)
    __aeabi_ui2f                             0x0801109d   Thumb Code     0  fflt_clz.o(x$fpl$ffltu)
    _ffltu                                   0x0801109d   Thumb Code    38  fflt_clz.o(x$fpl$ffltu)
    __aeabi_cfcmple                          0x080110c5   Thumb Code     0  fleqf.o(x$fpl$fleqf)
    _fcmple                                  0x080110c5   Thumb Code   104  fleqf.o(x$fpl$fleqf)
    __fpl_fcmple_InfNaN                      0x08011117   Thumb Code     0  fleqf.o(x$fpl$fleqf)
    __aeabi_fmul                             0x0801112d   Thumb Code     0  fmul.o(x$fpl$fmul)
    _fmul                                    0x0801112d   Thumb Code   258  fmul.o(x$fpl$fmul)
    __fpl_fnaninf                            0x0801122f   Thumb Code   140  fnaninf.o(x$fpl$fnaninf)
    __fpl_fretinf                            0x080112bb   Thumb Code    10  fretinf.o(x$fpl$fretinf)
    __aeabi_cfrcmple                         0x080112c5   Thumb Code     0  frleqf.o(x$fpl$frleqf)
    _frcmple                                 0x080112c5   Thumb Code    98  frleqf.o(x$fpl$frleqf)
    __aeabi_frsub                            0x08011327   Thumb Code     0  faddsub_clz.o(x$fpl$frsb)
    _frsb                                    0x08011327   Thumb Code    20  faddsub_clz.o(x$fpl$frsb)
    __aeabi_fsub                             0x0801133d   Thumb Code     0  faddsub_clz.o(x$fpl$fsub)
    _fsub                                    0x0801133d   Thumb Code   234  faddsub_clz.o(x$fpl$fsub)
    _printf_fp_dec                           0x08011427   Thumb Code     4  printf1.o(x$fpl$printf1)
    _printf_fp_hex                           0x0801142b   Thumb Code     4  printf2.o(x$fpl$printf2)
    __fpl_return_NaN                         0x0801142f   Thumb Code   100  retnan.o(x$fpl$retnan)
    __ARM_scalbn                             0x08011493   Thumb Code    92  scalbn.o(x$fpl$scalbn)
    __fpl_cmpreturn                          0x080114ef   Thumb Code    48  trapv.o(x$fpl$trapveneer)
    __I$use$fp                               0x0801151e   Number         0  usenofp.o(x$fpl$usenofp)
    asc2_1206                                0x08011550   Data        1140  _lcd.o(.constdata)
    asc2_1608                                0x080119c4   Data        1520  _lcd.o(.constdata)
    OTT_TPX_TBL                              0x08011fb4   Data          10  _ott2001a.o(.constdata)
    OSUnMapTbl                               0x08011fbe   Data         256  os_core.o(.constdata)
    Region$$Table$$Base                      0x080123f8   Number         0  anon$$obj.o(Region$$Table)
    Region$$Table$$Limit                     0x08012418   Number         0  anon$$obj.o(Region$$Table)
    __ctype                                  0x08012441   Data           0  lc_ctype_c.o(locale$$data)
    Max_Acc                                  0x20000000   Data           4  _mecanum.o(.data)
    Mec_FL                                   0x20000004   Data           8  _mecanum.o(.data)
    Mec_FR                                   0x2000000c   Data           8  _mecanum.o(.data)
    Mec_BL                                   0x20000014   Data           8  _mecanum.o(.data)
    Mec_BR                                   0x2000001c   Data           8  _mecanum.o(.data)
    motor_speed                              0x20000034   Data           4  _mecanum.o(.data)
    Speed_Limit                              0x20000038   Data           4  _mecanum.o(.data)
    Speed_X                                  0x2000004c   Data           4  _mecanum.o(.data)
    Speed_Y                                  0x20000050   Data           4  _mecanum.o(.data)
    Speed_Rotation                           0x20000054   Data           4  _mecanum.o(.data)
    coeff_x                                  0x20000058   Data           4  _mecanum.o(.data)
    coeff_y                                  0x2000005c   Data           4  _mecanum.o(.data)
    coeff_r                                  0x20000060   Data           4  _mecanum.o(.data)
    Pid_List                                 0x20000064   Data         144  _pid.o(.data)
    pid_total                                0x2000010c   Data           1  _pid.o(.data)
    Speed_rotation_max                       0x20000110   Data           4  _keep.o(.data)
    Aim_Keep_Point                           0x20000130   Data           8  _keep.o(.data)
    Aim_Keep_Radian                          0x20000138   Data           4  _keep.o(.data)
    Speed_Keep_Max                           0x2000013c   Data           4  _keep.o(.data)
    Xcursor                                  0x20000140   Data           1  _lcdio.o(.data)
    Ycursor                                  0x20000141   Data           1  _lcdio.o(.data)
    LCD_Index                                0x20000142   Data           1  _lcdio.o(.data)
    Can_Data_Num                             0x20000148   Data           1  _can_database.o(.data)
    MOSI_INFRA_SWITCH                        0x20000149   Data           4  _can_database.o(.data)
    MISO_SWITCH                              0x2000014d   Data           2  _can_database.o(.data)
    Can_Database                             0x20000150   Data          40  _can_database.o(.data)
    HASH_TABLE                               0x20000178   Data         256  _can_database.o(.data)
    MISO_INFRARED                            0x20000278   Data           4  _can_database.o(.data)
    infrared_status                          0x2000027c   Data           1  _can_database.o(.data)
    MOSI_SONIC_CMD                           0x2000027d   Data           1  _can_database.o(.data)
    MISO_SONIC_DAT                           0x2000027e   Data           3  _can_database.o(.data)
    MOSI_PWM                                 0x20000288   Data           8  _can_database.o(.data)
    io_structs                               0x20000294   Data          56  _io_status.o(.data)
    POINT_COLOR                              0x200002cc   Data           2  _lcd.o(.data)
    BACK_COLOR                               0x200002ce   Data           2  _lcd.o(.data)
    Comd                                     0x200002d2   Data           2  _ps2.o(.data)
    MASK                                     0x200002d4   Data          32  _ps2.o(.data)
    Handkey                                  0x200002f4   Data           2  _ps2.o(.data)
    pwm_structs                              0x200002f8   Data          48  _pwm.o(.data)
    tp_dev                                   0x20000328   Data          52  _touch.o(.data)
    CMD_RDX                                  0x2000035c   Data           1  _touch.o(.data)
    CMD_RDY                                  0x2000035d   Data           1  _touch.o(.data)
    TP_REMIND_MSG_TBL                        0x20000360   Data           4  _touch.o(.data)
    usart_structs                            0x20000364   Data          40  _uart.o(.data)
    Ultrasonic                               0x2000038c   Data         240  _ultrasonic.o(.data)
    ultrasonic_num                           0x2000047c   Data           1  _ultrasonic.o(.data)
    l_cnt                                    0x20000480   Data           4  _ultrasonic.o(.data)
    m_cnt                                    0x20000484   Data           4  _ultrasonic.o(.data)
    distanceSum                              0x20000488   Data           4  _ultrasonic.o(.data)
    TaskStructs                              0x20000490   Data        1056  _task.o(.data)
    testflag1                                0x200008b0   Data           1  _task.o(.data)
    testflag2                                0x200008b1   Data           1  _task.o(.data)
    testflag3                                0x200008b2   Data           1  _task.o(.data)
    PS2_key                                  0x200008d0   Data           1  _task.o(.data)
    startNum                                 0x200008d1   Data           2  stm32f10x_it.o(.data)
    cnt_flag                                 0x200008d3   Data           1  stm32f10x_it.o(.data)
    gps_cnt                                  0x200008d4   Data           1  stm32f10x_it.o(.data)
    rec_cnt                                  0x200008d5   Data           1  stm32f10x_it.o(.data)
    tmp_data                                 0x200008d6   Data           4  stm32f10x_it.o(.data)
    SystemCoreClock                          0x200008dc   Data           4  system_stm32f10x.o(.data)
    AHBPrescTable                            0x200008e0   Data          16  system_stm32f10x.o(.data)
    OSCtxSwCtr                               0x20000904   Data           4  os_core.o(.data)
    OSEventFreeList                          0x20000908   Data           4  os_core.o(.data)
    OSFlagFreeList                           0x2000090c   Data           4  os_core.o(.data)
    OSCPUUsage                               0x20000910   Data           1  os_core.o(.data)
    OSIdleCtrMax                             0x20000914   Data           4  os_core.o(.data)
    OSIdleCtrRun                             0x20000918   Data           4  os_core.o(.data)
    OSStatRdy                                0x2000091c   Data           1  os_core.o(.data)
    OSIntNesting                             0x2000091d   Data           1  os_core.o(.data)
    OSLockNesting                            0x2000091e   Data           1  os_core.o(.data)
    OSPrioCur                                0x2000091f   Data           1  os_core.o(.data)
    OSPrioHighRdy                            0x20000920   Data           1  os_core.o(.data)
    OSRdyGrp                                 0x20000921   Data           1  os_core.o(.data)
    OSRdyTbl                                 0x20000922   Data           8  os_core.o(.data)
    OSRunning                                0x2000092a   Data           1  os_core.o(.data)
    OSTaskCtr                                0x2000092b   Data           1  os_core.o(.data)
    OSIdleCtr                                0x2000092c   Data           4  os_core.o(.data)
    OSTCBCur                                 0x20000930   Data           4  os_core.o(.data)
    OSTCBFreeList                            0x20000934   Data           4  os_core.o(.data)
    OSTCBHighRdy                             0x20000938   Data           4  os_core.o(.data)
    OSTCBList                                0x2000093c   Data           4  os_core.o(.data)
    OSTickStepState                          0x20000940   Data           1  os_core.o(.data)
    OSQFreeList                              0x20000944   Data           4  os_core.o(.data)
    OSTime                                   0x20000948   Data           4  os_core.o(.data)
    Vout                                     0x20000950   Data          40  _pid.o(.bss)
    GPS                                      0x20000978   Data          12  _gopath.o(.bss)
    DataConvBuff                             0x20000984   Data          25  _lcdio.o(.bss)
    LCD_Table                                0x2000099d   Data         100  _lcdio.o(.bss)
    lcddev                                   0x20000a02   Data          14  _lcd.o(.bss)
    Data                                     0x20000a10   Data           9  _ps2.o(.bss)
    distanceDataIn                           0x20000a1c   Data         176  _ultrasonic.o(.bss)
    distanceDataTmp                          0x20000acc   Data         176  _ultrasonic.o(.bss)
    GpsData                                  0x20000b7c   Data          60  stm32f10x_it.o(.bss)
    OSEventTbl                               0x20000bb8   Data         200  os_core.o(.bss)
    OSFlagTbl                                0x20000c80   Data          80  os_core.o(.bss)
    OSTaskStatStk                            0x20000cd0   Data         512  os_core.o(.bss)
    OSTaskIdleStk                            0x20000ed0   Data         512  os_core.o(.bss)
    OSTCBPrioTbl                             0x200010d0   Data         256  os_core.o(.bss)
    OSTCBTbl                                 0x200011d0   Data        1008  os_core.o(.bss)
    OSQTbl                                   0x200015c0   Data         120  os_core.o(.bss)
    __libspace_start                         0x20001638   Data          96  libspace.o(.bss)
    __temporary_stack_top$libspace           0x20001698   Data           0  libspace.o(.bss)



==============================================================================

Memory Map of the image

  Image Entry point : 0x08000131

  Load Region LR_IROM1 (Base: 0x08000000, Size: 0x00012e90, Max: 0x00080000, ABSOLUTE, COMPRESSED[0x000126d8])

    Execution Region ER_IROM1 (Base: 0x08000000, Size: 0x00012544, Max: 0x00080000, ABSOLUTE)

    Base Addr    Size         Type   Attr      Idx    E Section Name        Object

    0x08000000   0x00000130   Data   RO         1073    RESET               startup_stm32f10x_hd.o
    0x08000130   0x00000008   Code   RO         1240  * !!!main             c_w.l(__main.o)
    0x08000138   0x00000034   Code   RO         1705    !!!scatter          c_w.l(__scatter.o)
    0x0800016c   0x0000005a   Code   RO         1703    !!dczerorl2         c_w.l(__dczerorl2.o)
    0x080001c6   0x00000002   PAD
    0x080001c8   0x0000001c   Code   RO         1707    !!handler_zi        c_w.l(__scatter_zi.o)
    0x080001e4   0x00000000   Code   RO         1420    .ARM.Collect$$_printf_percent$$00000000  c_w.l(_printf_percent.o)
    0x080001e4   0x00000006   Code   RO         1409    .ARM.Collect$$_printf_percent$$00000001  c_w.l(_printf_n.o)
    0x080001ea   0x00000006   Code   RO         1411    .ARM.Collect$$_printf_percent$$00000002  c_w.l(_printf_p.o)
    0x080001f0   0x00000006   Code   RO         1416    .ARM.Collect$$_printf_percent$$00000003  c_w.l(_printf_f.o)
    0x080001f6   0x00000006   Code   RO         1417    .ARM.Collect$$_printf_percent$$00000004  c_w.l(_printf_e.o)
    0x080001fc   0x00000006   Code   RO         1418    .ARM.Collect$$_printf_percent$$00000005  c_w.l(_printf_g.o)
    0x08000202   0x00000006   Code   RO         1419    .ARM.Collect$$_printf_percent$$00000006  c_w.l(_printf_a.o)
    0x08000208   0x0000000a   Code   RO         1424    .ARM.Collect$$_printf_percent$$00000007  c_w.l(_printf_ll.o)
    0x08000212   0x00000006   Code   RO         1413    .ARM.Collect$$_printf_percent$$00000008  c_w.l(_printf_i.o)
    0x08000218   0x00000006   Code   RO         1414    .ARM.Collect$$_printf_percent$$00000009  c_w.l(_printf_d.o)
    0x0800021e   0x00000006   Code   RO         1415    .ARM.Collect$$_printf_percent$$0000000A  c_w.l(_printf_u.o)
    0x08000224   0x00000006   Code   RO         1412    .ARM.Collect$$_printf_percent$$0000000B  c_w.l(_printf_o.o)
    0x0800022a   0x00000006   Code   RO         1410    .ARM.Collect$$_printf_percent$$0000000C  c_w.l(_printf_x.o)
    0x08000230   0x00000006   Code   RO         1421    .ARM.Collect$$_printf_percent$$0000000D  c_w.l(_printf_lli.o)
    0x08000236   0x00000006   Code   RO         1422    .ARM.Collect$$_printf_percent$$0000000E  c_w.l(_printf_lld.o)
    0x0800023c   0x00000006   Code   RO         1423    .ARM.Collect$$_printf_percent$$0000000F  c_w.l(_printf_llu.o)
    0x08000242   0x00000006   Code   RO         1428    .ARM.Collect$$_printf_percent$$00000010  c_w.l(_printf_llo.o)
    0x08000248   0x00000006   Code   RO         1429    .ARM.Collect$$_printf_percent$$00000011  c_w.l(_printf_llx.o)
    0x0800024e   0x0000000a   Code   RO         1425    .ARM.Collect$$_printf_percent$$00000012  c_w.l(_printf_l.o)
    0x08000258   0x00000006   Code   RO         1407    .ARM.Collect$$_printf_percent$$00000013  c_w.l(_printf_c.o)
    0x0800025e   0x00000006   Code   RO         1408    .ARM.Collect$$_printf_percent$$00000014  c_w.l(_printf_s.o)
    0x08000264   0x00000006   Code   RO         1426    .ARM.Collect$$_printf_percent$$00000015  c_w.l(_printf_lc.o)
    0x0800026a   0x00000006   Code   RO         1427    .ARM.Collect$$_printf_percent$$00000016  c_w.l(_printf_ls.o)
    0x08000270   0x00000004   Code   RO         1510    .ARM.Collect$$_printf_percent$$00000017  c_w.l(_printf_percent_end.o)
    0x08000274   0x00000002   Code   RO         1568    .ARM.Collect$$libinit$$00000000  c_w.l(libinit.o)
    0x08000276   0x00000000   Code   RO         1581    .ARM.Collect$$libinit$$00000002  c_w.l(libinit2.o)
    0x08000276   0x00000000   Code   RO         1584    .ARM.Collect$$libinit$$00000008  c_w.l(libinit2.o)
    0x08000276   0x00000000   Code   RO         1586    .ARM.Collect$$libinit$$0000000A  c_w.l(libinit2.o)
    0x08000276   0x00000000   Code   RO         1588    .ARM.Collect$$libinit$$0000000C  c_w.l(libinit2.o)
    0x08000276   0x00000006   Code   RO         1589    .ARM.Collect$$libinit$$0000000D  c_w.l(libinit2.o)
    0x0800027c   0x00000000   Code   RO         1591    .ARM.Collect$$libinit$$0000000F  c_w.l(libinit2.o)
    0x0800027c   0x0000000c   Code   RO         1592    .ARM.Collect$$libinit$$00000010  c_w.l(libinit2.o)
    0x08000288   0x00000000   Code   RO         1593    .ARM.Collect$$libinit$$00000011  c_w.l(libinit2.o)
    0x08000288   0x00000000   Code   RO         1595    .ARM.Collect$$libinit$$00000013  c_w.l(libinit2.o)
    0x08000288   0x0000000a   Code   RO         1596    .ARM.Collect$$libinit$$00000014  c_w.l(libinit2.o)
    0x08000292   0x00000000   Code   RO         1597    .ARM.Collect$$libinit$$00000015  c_w.l(libinit2.o)
    0x08000292   0x00000000   Code   RO         1599    .ARM.Collect$$libinit$$00000017  c_w.l(libinit2.o)
    0x08000292   0x00000000   Code   RO         1601    .ARM.Collect$$libinit$$00000019  c_w.l(libinit2.o)
    0x08000292   0x00000000   Code   RO         1603    .ARM.Collect$$libinit$$0000001B  c_w.l(libinit2.o)
    0x08000292   0x00000000   Code   RO         1605    .ARM.Collect$$libinit$$0000001D  c_w.l(libinit2.o)
    0x08000292   0x00000000   Code   RO         1607    .ARM.Collect$$libinit$$0000001F  c_w.l(libinit2.o)
    0x08000292   0x00000000   Code   RO         1609    .ARM.Collect$$libinit$$00000021  c_w.l(libinit2.o)
    0x08000292   0x00000000   Code   RO         1611    .ARM.Collect$$libinit$$00000023  c_w.l(libinit2.o)
    0x08000292   0x00000000   Code   RO         1615    .ARM.Collect$$libinit$$0000002A  c_w.l(libinit2.o)
    0x08000292   0x00000000   Code   RO         1617    .ARM.Collect$$libinit$$0000002C  c_w.l(libinit2.o)
    0x08000292   0x00000000   Code   RO         1619    .ARM.Collect$$libinit$$0000002E  c_w.l(libinit2.o)
    0x08000292   0x00000000   Code   RO         1621    .ARM.Collect$$libinit$$00000030  c_w.l(libinit2.o)
    0x08000292   0x00000002   Code   RO         1622    .ARM.Collect$$libinit$$00000031  c_w.l(libinit2.o)
    0x08000294   0x00000002   Code   RO         1644    .ARM.Collect$$libshutdown$$00000000  c_w.l(libshutdown.o)
    0x08000296   0x00000000   Code   RO         1658    .ARM.Collect$$libshutdown$$00000003  c_w.l(libshutdown2.o)
    0x08000296   0x00000000   Code   RO         1661    .ARM.Collect$$libshutdown$$00000006  c_w.l(libshutdown2.o)
    0x08000296   0x00000000   Code   RO         1664    .ARM.Collect$$libshutdown$$00000009  c_w.l(libshutdown2.o)
    0x08000296   0x00000000   Code   RO         1666    .ARM.Collect$$libshutdown$$0000000B  c_w.l(libshutdown2.o)
    0x08000296   0x00000000   Code   RO         1669    .ARM.Collect$$libshutdown$$0000000E  c_w.l(libshutdown2.o)
    0x08000296   0x00000002   Code   RO         1670    .ARM.Collect$$libshutdown$$0000000F  c_w.l(libshutdown2.o)
    0x08000298   0x00000000   Code   RO         1336    .ARM.Collect$$rtentry$$00000000  c_w.l(rtentry.o)
    0x08000298   0x00000000   Code   RO         1476    .ARM.Collect$$rtentry$$00000002  c_w.l(rtentry2.o)
    0x08000298   0x00000006   Code   RO         1488    .ARM.Collect$$rtentry$$00000004  c_w.l(rtentry4.o)
    0x0800029e   0x00000000   Code   RO         1478    .ARM.Collect$$rtentry$$00000009  c_w.l(rtentry2.o)
    0x0800029e   0x00000004   Code   RO         1479    .ARM.Collect$$rtentry$$0000000A  c_w.l(rtentry2.o)
    0x080002a2   0x00000000   Code   RO         1481    .ARM.Collect$$rtentry$$0000000C  c_w.l(rtentry2.o)
    0x080002a2   0x00000008   Code   RO         1482    .ARM.Collect$$rtentry$$0000000D  c_w.l(rtentry2.o)
    0x080002aa   0x00000002   Code   RO         1573    .ARM.Collect$$rtexit$$00000000  c_w.l(rtexit.o)
    0x080002ac   0x00000000   Code   RO         1626    .ARM.Collect$$rtexit$$00000002  c_w.l(rtexit2.o)
    0x080002ac   0x00000004   Code   RO         1627    .ARM.Collect$$rtexit$$00000003  c_w.l(rtexit2.o)
    0x080002b0   0x00000006   Code   RO         1628    .ARM.Collect$$rtexit$$00000004  c_w.l(rtexit2.o)
    0x080002b6   0x00000002   PAD
    0x080002b8   0x0000069c   Code   RO            1    .text               _math.o
    0x08000954   0x00000688   Code   RO          116    .text               _mecanum.o
    0x08000fdc   0x000002b0   Code   RO          139    .text               _pid.o
    0x0800128c   0x000004a4   Code   RO          213    .text               _keep.o
    0x08001730   0x000008ac   Code   RO          284    .text               _lcdio.o
    0x08001fdc   0x0000017a   Code   RO          310    .text               _24cxx.o
    0x08002156   0x00000002   PAD
    0x08002158   0x00000314   Code   RO          337    .text               _can.o
    0x0800246c   0x000000d8   Code   RO          359    .text               _can_database.o
    0x08002544   0x00000030   Code   RO          377    .text               _command.o
    0x08002574   0x00000278   Code   RO          390    .text               _ctiic.o
    0x080027ec   0x00000130   Code   RO          408    .text               _delay.o
    0x0800291c   0x00000140   Code   RO          455    .text               _io_status.o
    0x08002a5c   0x000041c4   Code   RO          478    .text               _lcd.o
    0x08006c20   0x0000028c   Code   RO          504    .text               _myiic.o
    0x08006eac   0x00000350   Code   RO          519    .text               _ott2001a.o
    0x080071fc   0x00000420   Code   RO          548    .text               _ps2.o
    0x0800761c   0x00000338   Code   RO          576    .text               _pwm.o
    0x08007954   0x00000088   Code   RO          594    .text               _tim.o
    0x080079dc   0x000007e0   Code   RO          609    .text               _touch.o
    0x080081bc   0x000001c8   Code   RO          641    .text               _uart.o
    0x08008384   0x00000234   Code   RO          664    .text               _ultrasonic.o
    0x080085b8   0x000002c8   Code   RO          686    .text               _task.o
    0x08008880   0x000000cc   Code   RO          767    .text               sys.o
    0x0800894c   0x000000c0   Code   RO          790    .text               main.o
    0x08008a0c   0x0000041c   Code   RO          843    .text               stm32f10x_it.o
    0x08008e28   0x000001dc   Code   RO          873    .text               system_stm32f10x.o
    0x08009004   0x000000dc   Code   RO          891    .text               misc.o
    0x080090e0   0x000009ec   Code   RO          903    .text               stm32f10x_can.o
    0x08009acc   0x0000011c   Code   RO          939    .text               stm32f10x_exti.o
    0x08009be8   0x00000618   Code   RO          963    .text               stm32f10x_fsmc.o
    0x0800a200   0x00000358   Code   RO          975    .text               stm32f10x_gpio.o
    0x0800a558   0x000003a4   Code   RO          999    .text               stm32f10x_rcc.o
    0x0800a8fc   0x00000e1a   Code   RO         1037    .text               stm32f10x_tim.o
    0x0800b716   0x00000002   PAD
    0x0800b718   0x00000408   Code   RO         1049    .text               stm32f10x_usart.o
    0x0800bb20   0x00000040   Code   RO         1074    .text               startup_stm32f10x_hd.o
    0x0800bb60   0x000008ac   Code   RO         1078    .text               os_core.o
    0x0800c40c   0x00000818   Code   RO         1098    .text               os_flag.o
    0x0800cc24   0x000005e8   Code   RO         1140    .text               os_q.o
    0x0800d20c   0x000007cc   Code   RO         1164    .text               os_task.o
    0x0800d9d8   0x000001b8   Code   RO         1176    .text               os_time.o
    0x0800db90   0x000000ae   Code   RO         1194    .text               os_cpu_c.o
    0x0800dc3e   0x00000002   PAD
    0x0800dc40   0x000000b4   Code   RO         1225    .text               os_cpu_a.o
    0x0800dcf4   0x00000024   Code   RO         1230    .text               c_w.l(vsprintf.o)
    0x0800dd18   0x00000048   Code   RO         1232    .text               c_w.l(strcpy.o)
    0x0800dd60   0x0000003e   Code   RO         1234    .text               c_w.l(strlen.o)
    0x0800dd9e   0x00000064   Code   RO         1236    .text               c_w.l(rt_memcpy_w.o)
    0x0800de02   0x00000006   Code   RO         1238    .text               c_w.l(heapauxi.o)
    0x0800de08   0x00000016   Code   RO         1337    .text               c_w.l(_rserrno.o)
    0x0800de1e   0x00000052   Code   RO         1341    .text               c_w.l(_printf_pad.o)
    0x0800de70   0x00000024   Code   RO         1343    .text               c_w.l(_printf_truncate.o)
    0x0800de94   0x00000052   Code   RO         1345    .text               c_w.l(_printf_str.o)
    0x0800dee6   0x00000002   PAD
    0x0800dee8   0x00000078   Code   RO         1347    .text               c_w.l(_printf_dec.o)
    0x0800df60   0x0000002a   Code   RO         1349    .text               c_w.l(_printf_charcount.o)
    0x0800df8a   0x00000002   PAD
    0x0800df8c   0x00000030   Code   RO         1351    .text               c_w.l(_printf_char_common.o)
    0x0800dfbc   0x0000000a   Code   RO         1353    .text               c_w.l(_sputc.o)
    0x0800dfc6   0x00000002   PAD
    0x0800dfc8   0x000000bc   Code   RO         1355    .text               c_w.l(_printf_wctomb.o)
    0x0800e084   0x00000078   Code   RO         1358    .text               c_w.l(_printf_longlong_dec.o)
    0x0800e0fc   0x00000078   Code   RO         1364    .text               c_w.l(_printf_oct_int_ll.o)
    0x0800e174   0x0000009c   Code   RO         1384    .text               c_w.l(_printf_hex_int_ll_ptr.o)
    0x0800e210   0x0000018c   Code   RO         1404    .text               c_w.l(__printf_flags_ss_wp.o)
    0x0800e39c   0x00000008   Code   RO         1493    .text               c_w.l(rt_errno_addr_intlibspace.o)
    0x0800e3a4   0x0000008a   Code   RO         1495    .text               c_w.l(lludiv10.o)
    0x0800e42e   0x000000b8   Code   RO         1497    .text               c_w.l(_printf_intcommon.o)
    0x0800e4e6   0x00000420   Code   RO         1499    .text               c_w.l(_printf_fp_dec.o)
    0x0800e906   0x00000002   PAD
    0x0800e908   0x00000300   Code   RO         1501    .text               c_w.l(_printf_fp_hex.o)
    0x0800ec08   0x0000002c   Code   RO         1506    .text               c_w.l(_printf_char.o)
    0x0800ec34   0x0000002c   Code   RO         1508    .text               c_w.l(_printf_wchar.o)
    0x0800ec60   0x00000040   Code   RO         1511    .text               c_w.l(_wcrtomb.o)
    0x0800eca0   0x00000008   Code   RO         1519    .text               c_w.l(libspace.o)
    0x0800eca8   0x0000004a   Code   RO         1522    .text               c_w.l(sys_stackheap_outer.o)
    0x0800ecf2   0x00000002   PAD
    0x0800ecf4   0x00000010   Code   RO         1524    .text               c_w.l(rt_ctype_table.o)
    0x0800ed04   0x00000008   Code   RO         1529    .text               c_w.l(rt_locale_intlibspace.o)
    0x0800ed0c   0x00000080   Code   RO         1531    .text               c_w.l(_printf_fp_infnan.o)
    0x0800ed8c   0x000000e4   Code   RO         1533    .text               c_w.l(bigflt0.o)
    0x0800ee70   0x0000000c   Code   RO         1561    .text               c_w.l(exit.o)
    0x0800ee7c   0x00000080   Code   RO         1578    .text               c_w.l(strcmpv7m.o)
    0x0800eefc   0x0000000c   Code   RO         1636    .text               c_w.l(sys_exit.o)
    0x0800ef08   0x00000002   Code   RO         1647    .text               c_w.l(use_no_semi.o)
    0x0800ef0a   0x00000000   Code   RO         1649    .text               c_w.l(indicate_semi.o)
    0x0800ef0a   0x0000003e   Code   RO         1536    CL$$btod_d2e        c_w.l(btod.o)
    0x0800ef48   0x00000046   Code   RO         1538    CL$$btod_d2e_denorm_low  c_w.l(btod.o)
    0x0800ef8e   0x00000060   Code   RO         1537    CL$$btod_d2e_norm_op1  c_w.l(btod.o)
    0x0800efee   0x00000338   Code   RO         1546    CL$$btod_div_common  c_w.l(btod.o)
    0x0800f326   0x000000c6   Code   RO         1543    CL$$btod_e2e        c_w.l(btod.o)
    0x0800f3ec   0x00000028   Code   RO         1540    CL$$btod_ediv       c_w.l(btod.o)
    0x0800f414   0x00000028   Code   RO         1539    CL$$btod_emul       c_w.l(btod.o)
    0x0800f43c   0x00000244   Code   RO         1545    CL$$btod_mult_common  c_w.l(btod.o)
    0x0800f680   0x00000028   Code   RO         1460    i.__ARM_fpclassify  m_ws.l(fpclassify.o)
    0x0800f6a8   0x00000388   Code   RO         1464    i.__ieee754_rem_pio2  m_ws.l(rred.o)
    0x0800fa30   0x000000fc   Code   RO         1455    i.__kernel_cos      m_ws.l(cos_i.o)
    0x0800fb2c   0x000000aa   Code   RO         1462    i.__kernel_poly     m_ws.l(poly.o)
    0x0800fbd6   0x00000002   PAD
    0x0800fbd8   0x000000ec   Code   RO         1469    i.__kernel_sin      m_ws.l(sin_i.o)
    0x0800fcc4   0x00000010   Code   RO         1458    i.__mathlib_dbl_underflow  m_ws.l(dunder.o)
    0x0800fcd4   0x0000000e   Code   RO         1397    i._is_digit         c_w.l(__printf_wp.o)
    0x0800fce2   0x00000002   PAD
    0x0800fce4   0x00000224   Code   RO         1303    i.atan              m_ws.l(atan.o)
    0x0800ff08   0x000000ac   Code   RO         1313    i.cos               m_ws.l(cos.o)
    0x0800ffb4   0x000000b0   Code   RO         1321    i.sin               m_ws.l(sin.o)
    0x08010064   0x0000004c   Code   RO         1329    i.sqrt              m_ws.l(sqrt.o)
    0x080100b0   0x0000002c   Code   RO         1559    locale$$code        c_w.l(lc_numeric_c.o)
    0x080100dc   0x0000002c   Code   RO         1576    locale$$code        c_w.l(lc_ctype_c.o)
    0x08010108   0x00000062   Code   RO         1242    x$fpl$d2f           fz_ws.l(d2f.o)
    0x0801016a   0x00000002   PAD
    0x0801016c   0x00000150   Code   RO         1244    x$fpl$dadd          fz_ws.l(daddsub_clz.o)
    0x080102bc   0x00000010   Code   RO         1513    x$fpl$dcheck1       fz_ws.l(dcheck1.o)
    0x080102cc   0x00000018   Code   RO         1430    x$fpl$dcmpinf       fz_ws.l(dcmpi.o)
    0x080102e4   0x000002b0   Code   RO         1251    x$fpl$ddiv          fz_ws.l(ddiv.o)
    0x08010594   0x0000005e   Code   RO         1515    x$fpl$dfix          fz_ws.l(dfix.o)
    0x080105f2   0x00000002   PAD
    0x080105f4   0x0000005a   Code   RO         1254    x$fpl$dfixu         fz_ws.l(dfixu.o)
    0x0801064e   0x0000002e   Code   RO         1259    x$fpl$dflt          fz_ws.l(dflt_clz.o)
    0x0801067c   0x00000026   Code   RO         1258    x$fpl$dfltu         fz_ws.l(dflt_clz.o)
    0x080106a2   0x00000002   PAD
    0x080106a4   0x00000078   Code   RO         1264    x$fpl$dleqf         fz_ws.l(dleqf.o)
    0x0801071c   0x00000154   Code   RO         1266    x$fpl$dmul          fz_ws.l(dmul.o)
    0x08010870   0x0000009c   Code   RO         1432    x$fpl$dnaninf       fz_ws.l(dnaninf.o)
    0x0801090c   0x0000000c   Code   RO         1434    x$fpl$dretinf       fz_ws.l(dretinf.o)
    0x08010918   0x0000006c   Code   RO         1268    x$fpl$drleqf        fz_ws.l(drleqf.o)
    0x08010984   0x00000016   Code   RO         1245    x$fpl$drsb          fz_ws.l(daddsub_clz.o)
    0x0801099a   0x00000002   PAD
    0x0801099c   0x000001cc   Code   RO         1436    x$fpl$dsqrt         fz_ws.l(dsqrt_noumaal.o)
    0x08010b68   0x000001d4   Code   RO         1246    x$fpl$dsub          fz_ws.l(daddsub_clz.o)
    0x08010d3c   0x00000056   Code   RO         1270    x$fpl$f2d           fz_ws.l(f2d.o)
    0x08010d92   0x00000002   PAD
    0x08010d94   0x000000c4   Code   RO         1272    x$fpl$fadd          fz_ws.l(faddsub_clz.o)
    0x08010e58   0x00000018   Code   RO         1438    x$fpl$fcmpinf       fz_ws.l(fcmpi.o)
    0x08010e70   0x00000184   Code   RO         1279    x$fpl$fdiv          fz_ws.l(fdiv.o)
    0x08010ff4   0x00000036   Code   RO         1282    x$fpl$ffix          fz_ws.l(ffix.o)
    0x0801102a   0x00000002   PAD
    0x0801102c   0x0000003e   Code   RO         1286    x$fpl$ffixu         fz_ws.l(ffixu.o)
    0x0801106a   0x00000002   PAD
    0x0801106c   0x00000030   Code   RO         1291    x$fpl$fflt          fz_ws.l(fflt_clz.o)
    0x0801109c   0x00000026   Code   RO         1290    x$fpl$ffltu         fz_ws.l(fflt_clz.o)
    0x080110c2   0x00000002   PAD
    0x080110c4   0x00000068   Code   RO         1296    x$fpl$fleqf         fz_ws.l(fleqf.o)
    0x0801112c   0x00000102   Code   RO         1298    x$fpl$fmul          fz_ws.l(fmul.o)
    0x0801122e   0x0000008c   Code   RO         1440    x$fpl$fnaninf       fz_ws.l(fnaninf.o)
    0x080112ba   0x0000000a   Code   RO         1442    x$fpl$fretinf       fz_ws.l(fretinf.o)
    0x080112c4   0x00000062   Code   RO         1300    x$fpl$frleqf        fz_ws.l(frleqf.o)
    0x08011326   0x00000014   Code   RO         1273    x$fpl$frsb          fz_ws.l(faddsub_clz.o)
    0x0801133a   0x00000002   PAD
    0x0801133c   0x000000ea   Code   RO         1274    x$fpl$fsub          fz_ws.l(faddsub_clz.o)
    0x08011426   0x00000004   Code   RO         1444    x$fpl$printf1       fz_ws.l(printf1.o)
    0x0801142a   0x00000004   Code   RO         1446    x$fpl$printf2       fz_ws.l(printf2.o)
    0x0801142e   0x00000064   Code   RO         1571    x$fpl$retnan        fz_ws.l(retnan.o)
    0x08011492   0x0000005c   Code   RO         1452    x$fpl$scalbn        fz_ws.l(scalbn.o)
    0x080114ee   0x00000030   Code   RO         1623    x$fpl$trapveneer    fz_ws.l(trapv.o)
    0x0801151e   0x00000000   Code   RO         1454    x$fpl$usenofp       fz_ws.l(usenofp.o)
    0x0801151e   0x00000002   PAD
    0x08011520   0x00000030   Data   RO          117    .constdata          _mecanum.o
    0x08011550   0x00000a64   Data   RO          480    .constdata          _lcd.o
    0x08011fb4   0x0000000a   Data   RO          520    .constdata          _ott2001a.o
    0x08011fbe   0x00000100   Data   RO         1080    .constdata          os_core.o
    0x080120be   0x00000002   PAD
    0x080120c0   0x00000098   Data   RO         1304    .constdata          m_ws.l(atan.o)
    0x08012158   0x00000008   Data   RO         1356    .constdata          c_w.l(_printf_wctomb.o)
    0x08012160   0x00000028   Data   RO         1385    .constdata          c_w.l(_printf_hex_int_ll_ptr.o)
    0x08012188   0x00000011   Data   RO         1405    .constdata          c_w.l(__printf_flags_ss_wp.o)
    0x08012199   0x00000007   PAD
    0x080121a0   0x00000030   Data   RO         1456    .constdata          m_ws.l(cos_i.o)
    0x080121d0   0x000000c8   Data   RO         1466    .constdata          m_ws.l(rred.o)
    0x08012298   0x00000028   Data   RO         1470    .constdata          m_ws.l(sin_i.o)
    0x080122c0   0x00000026   Data   RO         1502    .constdata          c_w.l(_printf_fp_hex.o)
    0x080122e6   0x00000002   PAD
    0x080122e8   0x00000094   Data   RO         1534    .constdata          c_w.l(bigflt0.o)
    0x0801237c   0x00000079   Data   RO          610    .conststring        _touch.o
    0x080123f5   0x00000003   PAD
    0x080123f8   0x00000020   Data   RO         1701    Region$$Table       anon$$obj.o
    0x08012418   0x0000001c   Data   RO         1558    locale$$data        c_w.l(lc_numeric_c.o)
    0x08012434   0x00000110   Data   RO         1575    locale$$data        c_w.l(lc_ctype_c.o)


    Execution Region RW_IRAM1 (Base: 0x20000000, Size: 0x00001c98, Max: 0x00010000, ABSOLUTE, COMPRESSED[0x00000194])

    Base Addr    Size         Type   Attr      Idx    E Section Name        Object

    0x20000000   0x00000064   Data   RW          118    .data               _mecanum.o
    0x20000064   0x000000a9   Data   RW          141    .data               _pid.o
    0x2000010d   0x00000003   PAD
    0x20000110   0x00000030   Data   RW          214    .data               _keep.o
    0x20000140   0x00000003   Data   RW          286    .data               _lcdio.o
    0x20000143   0x00000005   PAD
    0x20000148   0x00000148   Data   RW          360    .data               _can_database.o
    0x20000290   0x00000004   Data   RW          409    .data               _delay.o
    0x20000294   0x00000038   Data   RW          456    .data               _io_status.o
    0x200002cc   0x00000004   Data   RW          481    .data               _lcd.o
    0x200002d0   0x00000001   Data   RW          521    .data               _ott2001a.o
    0x200002d1   0x00000001   PAD
    0x200002d2   0x00000024   Data   RW          550    .data               _ps2.o
    0x200002f6   0x00000002   PAD
    0x200002f8   0x00000030   Data   RW          577    .data               _pwm.o
    0x20000328   0x0000003c   Data   RW          611    .data               _touch.o
    0x20000364   0x00000028   Data   RW          642    .data               _uart.o
    0x2000038c   0x00000100   Data   RW          666    .data               _ultrasonic.o
    0x2000048c   0x00000004   PAD
    0x20000490   0x00000441   Data   RW          688    .data               _task.o
    0x200008d1   0x00000009   Data   RW          845    .data               stm32f10x_it.o
    0x200008da   0x00000002   PAD
    0x200008dc   0x00000014   Data   RW          874    .data               system_stm32f10x.o
    0x200008f0   0x00000014   Data   RW         1000    .data               stm32f10x_rcc.o
    0x20000904   0x00000048   Data   RW         1081    .data               os_core.o
    0x2000094c   0x00000004   PAD
    0x20000950   0x00000028   Zero   RW          140    .bss                _pid.o
    0x20000978   0x0000000c   Zero   RW          182    .bss                _gopath.o
    0x20000984   0x0000007d   Zero   RW          285    .bss                _lcdio.o
    0x20000a01   0x00000001   PAD
    0x20000a02   0x0000000e   Zero   RW          479    .bss                _lcd.o
    0x20000a10   0x00000009   Zero   RW          549    .bss                _ps2.o
    0x20000a19   0x00000003   PAD
    0x20000a1c   0x00000160   Zero   RW          665    .bss                _ultrasonic.o
    0x20000b7c   0x0000003c   Zero   RW          844    .bss                stm32f10x_it.o
    0x20000bb8   0x00000a80   Zero   RW         1079    .bss                os_core.o
    0x20001638   0x00000060   Zero   RW         1520    .bss                c_w.l(libspace.o)
    0x20001698   0x00000200   Zero   RW         1072    HEAP                startup_stm32f10x_hd.o
    0x20001898   0x00000400   Zero   RW         1071    STACK               startup_stm32f10x_hd.o


==============================================================================

Image component sizes


      Code (inc. data)   RO Data    RW Data    ZI Data      Debug   Object Name

       378          0          0          0          0       2542   _24cxx.o
       788         22          0          0          0       2571   _can.o
       216         12          0        328          0       2759   _can_database.o
        48          6          0          0          0        956   _command.o
       632         34          0          0          0       1969   _ctiic.o
       304         24          0          4          0       9822   _delay.o
         0          0          0          0         12       1406   _gopath.o
       320         18          0         56          0       1495   _io_status.o
      1188        150          0         48          0       3512   _keep.o
     16836         98       2660          4         14      16481   _lcd.o
      2220         72          0          3        125       8428   _lcdio.o
      1692         34          0          0          0     275129   _math.o
      1672        128         48        100          0       1924   _mecanum.o
       652         24          0          0          0       1812   _myiic.o
       848         50         10          1          0       2478   _ott2001a.o
       688         36          0        169         40       2139   _pid.o
      1056         44          0         36          9       3507   _ps2.o
       824         86          0         48          0       3021   _pwm.o
       712        110          0       1089          0       2901   _task.o
       136          4          0          0          0        721   _tim.o
      2016        132        121         60          0       5541   _touch.o
       456         34          0         40          0       2401   _uart.o
       564         30          0        256        352       2757   _ultrasonic.o
       192         40          0          0          0        503   main.o
       220         20          0          0          0       1673   misc.o
      2220        220        256         72       2688      14683   os_core.o
       180         36          0          0          0        288   os_cpu_a.o
       174          0          0          0          0      10246   os_cpu_c.o
      2072         40          0          0          0       6708   os_flag.o
      1512         30          0          0          0       5437   os_q.o
      1996         70          0          0          0       7373   os_task.o
       440         30          0          0          0       1734   os_time.o
        64         26        304          0       1536        756   startup_stm32f10x_hd.o
      2540         38          0          0          0       7728   stm32f10x_can.o
       284         10          0          0          0       2111   stm32f10x_exti.o
      1560         54          0          0          0       5223   stm32f10x_fsmc.o
       856         40          0          0          0       5525   stm32f10x_gpio.o
      1052         62          0          9         60       4013   stm32f10x_it.o
       932         44          0         20          0       8652   stm32f10x_rcc.o
      3610         88          0          0          0      22008   stm32f10x_tim.o
      1032         22          0          0          0       8244   stm32f10x_usart.o
       204         12          0          0          0      16221   sys.o
       476         36          0         20          0       1679   system_stm32f10x.o

    ----------------------------------------------------------------------
     55868       2066       3436       2380       4844     487077   Object Totals
         0          0         32          0          0          0   (incl. Generated)
         6          0          5         17          8          0   (incl. Padding)

    ----------------------------------------------------------------------

      Code (inc. data)   RO Data    RW Data    ZI Data      Debug   Library Member Name

        90          0          0          0          0          0   __dczerorl2.o
         8          0          0          0          0         68   __main.o
       396          6         17          0          0         92   __printf_flags_ss_wp.o
        14          0          0          0          0         68   __printf_wp.o
        52          8          0          0          0          0   __scatter.o
        28          0          0          0          0          0   __scatter_zi.o
         6          0          0          0          0          0   _printf_a.o
         6          0          0          0          0          0   _printf_c.o
        44          0          0          0          0        108   _printf_char.o
        48          6          0          0          0         96   _printf_char_common.o
        42          0          0          0          0         68   _printf_charcount.o
         6          0          0          0          0          0   _printf_d.o
       120         18          0          0          0         92   _printf_dec.o
         6          0          0          0          0          0   _printf_e.o
         6          0          0          0          0          0   _printf_f.o
      1056          0          0          0          0        216   _printf_fp_dec.o
       768          8         38          0          0        100   _printf_fp_hex.o
       128         16          0          0          0         84   _printf_fp_infnan.o
         6          0          0          0          0          0   _printf_g.o
       156          6         40          0          0        160   _printf_hex_int_ll_ptr.o
         6          0          0          0          0          0   _printf_i.o
       184          0          0          0          0         88   _printf_intcommon.o
        10          0          0          0          0          0   _printf_l.o
         6          0          0          0          0          0   _printf_lc.o
        10          0          0          0          0          0   _printf_ll.o
         6          0          0          0          0          0   _printf_lld.o
         6          0          0          0          0          0   _printf_lli.o
         6          0          0          0          0          0   _printf_llo.o
         6          0          0          0          0          0   _printf_llu.o
         6          0          0          0          0          0   _printf_llx.o
       120         16          0          0          0         92   _printf_longlong_dec.o
         6          0          0          0          0          0   _printf_ls.o
         6          0          0          0          0          0   _printf_n.o
         6          0          0          0          0          0   _printf_o.o
       120          8          0          0          0        124   _printf_oct_int_ll.o
         6          0          0          0          0          0   _printf_p.o
        82          0          0          0          0        108   _printf_pad.o
         0          0          0          0          0          0   _printf_percent.o
         4          0          0          0          0          0   _printf_percent_end.o
         6          0          0          0          0          0   _printf_s.o
        82          0          0          0          0         80   _printf_str.o
        36          0          0          0          0         84   _printf_truncate.o
         6          0          0          0          0          0   _printf_u.o
        44          0          0          0          0        108   _printf_wchar.o
       188          6          8          0          0         92   _printf_wctomb.o
         6          0          0          0          0          0   _printf_x.o
        22          0          0          0          0        100   _rserrno.o
        10          0          0          0          0         68   _sputc.o
        64          0          0          0          0         92   _wcrtomb.o
       228          6        148          0          0         96   bigflt0.o
      1910        128          0          0          0        672   btod.o
        12          0          0          0          0         72   exit.o
         6          0          0          0          0        152   heapauxi.o
         0          0          0          0          0          0   indicate_semi.o
        44         10        272          0          0         76   lc_ctype_c.o
        44         10         28          0          0         76   lc_numeric_c.o
         2          0          0          0          0          0   libinit.o
        30          0          0          0          0          0   libinit2.o
         2          0          0          0          0          0   libshutdown.o
         2          0          0          0          0          0   libshutdown2.o
         8          4          0          0         96         68   libspace.o
       138          0          0          0          0         80   lludiv10.o
        16          4          0          0          0         76   rt_ctype_table.o
         8          4          0          0          0         68   rt_errno_addr_intlibspace.o
         8          4          0          0          0         68   rt_locale_intlibspace.o
       100          0          0          0          0         80   rt_memcpy_w.o
         0          0          0          0          0          0   rtentry.o
        12          0          0          0          0          0   rtentry2.o
         6          0          0          0          0          0   rtentry4.o
         2          0          0          0          0          0   rtexit.o
        10          0          0          0          0          0   rtexit2.o
       128          0          0          0          0         68   strcmpv7m.o
        72          0          0          0          0         80   strcpy.o
        62          0          0          0          0         76   strlen.o
        12          4          0          0          0         68   sys_exit.o
        74          0          0          0          0         80   sys_stackheap_outer.o
         2          0          0          0          0         68   use_no_semi.o
        36          4          0          0          0         76   vsprintf.o
        98          4          0          0          0         92   d2f.o
       826         16          0          0          0        348   daddsub_clz.o
        16          4          0          0          0         68   dcheck1.o
        24          0          0          0          0         68   dcmpi.o
       688        140          0          0          0        208   ddiv.o
        94          4          0          0          0         92   dfix.o
        90          4          0          0          0         92   dfixu.o
        84          0          0          0          0        136   dflt_clz.o
       120          4          0          0          0         92   dleqf.o
       340         12          0          0          0        104   dmul.o
       156          4          0          0          0         92   dnaninf.o
        12          0          0          0          0         68   dretinf.o
       108          0          0          0          0         80   drleqf.o
       460         56          0          0          0        120   dsqrt_noumaal.o
        86          4          0          0          0         84   f2d.o
       450          8          0          0          0        236   faddsub_clz.o
        24          0          0          0          0         68   fcmpi.o
       388         76          0          0          0         96   fdiv.o
        54          4          0          0          0         84   ffix.o
        62          4          0          0          0         84   ffixu.o
        86          0          0          0          0        136   fflt_clz.o
       104          4          0          0          0         84   fleqf.o
       258          4          0          0          0         84   fmul.o
       140          4          0          0          0         84   fnaninf.o
        10          0          0          0          0         68   fretinf.o
        98          0          0          0          0         68   frleqf.o
         4          0          0          0          0         68   printf1.o
         4          0          0          0          0         68   printf2.o
       100          0          0          0          0         68   retnan.o
        92          0          0          0          0         68   scalbn.o
        48          0          0          0          0         68   trapv.o
         0          0          0          0          0          0   usenofp.o
       548         70        152          0          0        124   atan.o
       172          8          0          0          0        112   cos.o
       252         22         48          0          0        124   cos_i.o
        16          6          0          0          0         68   dunder.o
        40          0          0          0          0         68   fpclassify.o
       170          0          0          0          0         96   poly.o
       904         72        200          0          0        140   rred.o
       176         10          0          0          0        116   sin.o
       236         12         40          0          0        128   sin_i.o
        76          0          0          0          0         84   sqrt.o

    ----------------------------------------------------------------------
     14772        832       1000          0         96       8524   Library Totals
        38          0          9          0          0          0   (incl. Padding)

    ----------------------------------------------------------------------

      Code (inc. data)   RO Data    RW Data    ZI Data      Debug   Library Name

      7020        276        551          0         96       4288   c_w.l
      5124        356          0          0          0       3176   fz_ws.l
      2590        200        440          0          0       1060   m_ws.l

    ----------------------------------------------------------------------
     14772        832       1000          0         96       8524   Library Totals

    ----------------------------------------------------------------------

==============================================================================


      Code (inc. data)   RO Data    RW Data    ZI Data      Debug   

     70640       2898       4436       2380       4940     487177   Grand Totals
     70640       2898       4436        404       4940     487177   ELF Image Totals (compressed)
     70640       2898       4436        404          0          0   ROM Totals

==============================================================================

    Total RO  Size (Code + RO Data)                75076 (  73.32kB)
    Total RW  Size (RW Data + ZI Data)              7320 (   7.15kB)
    Total ROM Size (Code + RO Data + RW Data)      75480 (  73.71kB)

==============================================================================

